Archive member included because of file (symbol)

C:\Program Files (x86)\VEX Robotics\VEXcode V5 Text\sdk/vexv5\libv5rt.a(v5_startup.c.obj)
                              (vexStartup)
C:\Program Files (x86)\VEX Robotics\VEXcode V5 Text\sdk/vexv5\libv5rt.a(v5_util.c.obj)
                              C:\Program Files (x86)\VEX Robotics\VEXcode V5 Text\sdk/vexv5\libv5rt.a(v5_startup.c.obj) (vexStdlibVersionLinked)
C:\Program Files (x86)\VEX Robotics\VEXcode V5 Text\sdk/vexv5\libv5rt.a(v5_apijump.c.obj)
                              C:\Program Files (x86)\VEX Robotics\VEXcode V5 Text\sdk/vexv5\libv5rt.a(v5_startup.c.obj) (vexPrivateApiEnable)
C:\Program Files (x86)\VEX Robotics\VEXcode V5 Text\sdk/vexv5\libv5rt.a(v5_apiversions.c.obj)
                              C:\Program Files (x86)\VEX Robotics\VEXcode V5 Text\sdk/vexv5\libv5rt.a(v5_apijump.c.obj) (vexSystemVersion)
C:\Program Files (x86)\VEX Robotics\VEXcode V5 Text\sdk/vexv5\libv5rt.a(vex_global.cpp.obj)
                              build/src/main.o (vex::wait(double, vex::timeUnits))
C:\Program Files (x86)\VEX Robotics\VEXcode V5 Text\sdk/vexv5\libv5rt.a(vex_motor.cpp.obj)
                              build/src/main.o (vex::motor::~motor())
C:\Program Files (x86)\VEX Robotics\VEXcode V5 Text\sdk/vexv5\libv5rt.a(vex_controller.cpp.obj)
                              build/src/main.o (vex::controller::~controller())
C:\Program Files (x86)\VEX Robotics\VEXcode V5 Text\sdk/vexv5\libv5rt.a(vex_task.cpp.obj)
                              build/src/main.o (vex::task::sleep(unsigned long))
C:\Program Files (x86)\VEX Robotics\VEXcode V5 Text\sdk/vexv5\libv5rt.a(vex_thread.cpp.obj)
                              C:\Program Files (x86)\VEX Robotics\VEXcode V5 Text\sdk/vexv5\libv5rt.a(vex_global.cpp.obj) (vex::this_thread::sleep_for(unsigned long))
C:\Program Files (x86)\VEX Robotics\VEXcode V5 Text\sdk/vexv5\libv5rt.a(vex_event.cpp.obj)
                              C:\Program Files (x86)\VEX Robotics\VEXcode V5 Text\sdk/vexv5\libv5rt.a(vex_controller.cpp.obj) (vex::event::init(unsigned long, unsigned long, void (*)()))
C:\Program Files (x86)\VEX Robotics\VEXcode V5 Text\sdk/vexv5\libv5rt.a(vex_mevent.cpp.obj)
                              C:\Program Files (x86)\VEX Robotics\VEXcode V5 Text\sdk/vexv5\libv5rt.a(vex_controller.cpp.obj) (vex::mevent::mevent(unsigned long, unsigned long))
C:\Program Files (x86)\VEX Robotics\VEXcode V5 Text\sdk/vexv5\libv5rt.a(vex_brain.cpp.obj)
                              build/src/main.o (vex::brain::~brain())
C:\Program Files (x86)\VEX Robotics\VEXcode V5 Text\sdk/vexv5\libv5rt.a(vex_competition.cpp.obj)
                              build/src/main.o (vex::competition::competition())
C:\Program Files (x86)\VEX Robotics\VEXcode V5 Text\sdk/vexv5\libv5rt.a(vex_triport.cpp.obj)
                              C:\Program Files (x86)\VEX Robotics\VEXcode V5 Text\sdk/vexv5\libv5rt.a(vex_brain.cpp.obj) (vex::triport::~triport())
C:\Program Files (x86)\VEX Robotics\VEXcode V5 Text\sdk/vexv5\libv5rt.a(vex_color.cpp.obj)
                              build/src/main.o (vex::color::~color())
C:\Program Files (x86)\VEX Robotics\VEXcode V5 Text\sdk/vexv5\libv5rt.a(vex_timer.cpp.obj)
                              C:\Program Files (x86)\VEX Robotics\VEXcode V5 Text\sdk/vexv5\libv5rt.a(vex_brain.cpp.obj) (vex::timer::~timer())
C:\Program Files (x86)\VEX Robotics\VEXcode V5 Text\sdk/vexv5\libv5rt.a(v5_apiuser.c.obj)
                              C:\Program Files (x86)\VEX Robotics\VEXcode V5 Text\sdk/vexv5\libv5rt.a(vex_triport.cpp.obj) (vexAdiPortConfigSet)
C:\Program Files (x86)\VEX Robotics\VEXcode V5 Text\sdk/vexv5\libv5rt.a(vex_device.cpp.obj)
                              C:\Program Files (x86)\VEX Robotics\VEXcode V5 Text\sdk/vexv5\libv5rt.a(vex_triport.cpp.obj) (vex::device::value())
C:\Program Files (x86)\VEX Robotics\VEXcode V5 Text\sdk/vexv5/gcc/libs\libc.a(lib_a-fini.o)
                              C:\Program Files (x86)\VEX Robotics\VEXcode V5 Text\sdk/vexv5\libv5rt.a(v5_startup.c.obj) (__libc_fini_array)
C:\Program Files (x86)\VEX Robotics\VEXcode V5 Text\sdk/vexv5/gcc/libs\libc.a(lib_a-impure.o)
                              C:\Program Files (x86)\VEX Robotics\VEXcode V5 Text\sdk/vexv5\libv5rt.a(v5_startup.c.obj) (_impure_ptr)
C:\Program Files (x86)\VEX Robotics\VEXcode V5 Text\sdk/vexv5/gcc/libs\libc.a(lib_a-init.o)
                              C:\Program Files (x86)\VEX Robotics\VEXcode V5 Text\sdk/vexv5\libv5rt.a(v5_startup.c.obj) (__libc_init_array)
C:\Program Files (x86)\VEX Robotics\VEXcode V5 Text\sdk/vexv5/gcc/libs\libc.a(lib_a-tolower.o)
                              C:\Program Files (x86)\VEX Robotics\VEXcode V5 Text\sdk/vexv5\libv5rt.a(vex_brain.cpp.obj) (tolower)
C:\Program Files (x86)\VEX Robotics\VEXcode V5 Text\sdk/vexv5/gcc/libs\libc.a(lib_a-ctype_.o)
[...]
Memory Configuration

Name             Origin             Length             Attributes
ps7_ddr_0_S_AXI_BASEADDR 0x03800000         0x04800000
*default*        0x00000000         0xffffffff

Linker script and memory map

                0x00002000                _STACK_SIZE = DEFINED (_STACK_SIZE)?_STACK_SIZE:0x2000
                0x00100000                _HEAP_SIZE = DEFINED (_HEAP_SIZE)?_HEAP_SIZE:0x100000
                0x00000400                _ABORT_STACK_SIZE = DEFINED (_ABORT_STACK_SIZE)?_ABORT_STACK_SIZE:0x400
                0x00000800                _SUPERVISOR_STACK_SIZE = DEFINED (_SUPERVISOR_STACK_SIZE)?_SUPERVISOR_STACK_SIZE:0x800
                0x00000400                _IRQ_STACK_SIZE = DEFINED (_IRQ_STACK_SIZE)?_IRQ_STACK_SIZE:0x400
                0x00000400                _FIQ_STACK_SIZE = DEFINED (_FIQ_STACK_SIZE)?_FIQ_STACK_SIZE:0x400
                0x00000400                _UNDEF_STACK_SIZE = DEFINED (_UNDEF_STACK_SIZE)?_UNDEF_STACK_SIZE:0x400

.text           0x03800000     0x5450
 *(.vectors)
 *(.boot_data)
 .boot_data     0x03800000       0x20 C:\Program Files (x86)\VEX Robotics\VEXcode V5 Text\sdk/vexv5\libv5rt.a(v5_startup.c.obj)
                0x03800000                vexCodeSig
                0x00000020                . = 0x20
 *(.boot)
 .boot          0x03800020       0xbc C:\Program Files (x86)\VEX Robotics\VEXcode V5 Text\sdk/vexv5\libv5rt.a(v5_startup.c.obj)
                0x03800020                vexStartup
                0x03800100                . = ALIGN (0x40)
 *fill*         0x038000dc       0x24 
 *(.freertos_vectors)
 *(.text)
 *(.text.*)
 .text._Z8stopBasev
                0x03800100       0x4c build/src/main.o
                0x03800100                stopBase()
 .text._Z13clearEncodersv
                0x0380014c       0x3c build/src/main.o
                0x0380014c                clearEncoders()
 .text._Z13forwardInchesfi
                0x03800188      0x28c build/src/main.o
                0x03800188                forwardInches(float, int)
 .text._Z14backwardInchesfi
                0x03800414      0x2d4 build/src/main.o
                0x03800414                backwardInches(float, int)
 .text._Z14armToDegDriverdi
                0x038006e8      0x4f0 build/src/main.o
                0x038006e8                armToDegDriver(double, int)
 .text._Z12armLowDriverv
                0x03800bd8       0x18 build/src/main.o
                0x03800bd8                armLowDriver()
 .text._Z12armMidDriverv
                0x03800bf0       0x18 build/src/main.o
                0x03800bf0                armMidDriver()
 .text._Z13armHighDriverv
                0x03800c08       0x10 build/src/main.o
                0x03800c08                armHighDriver()
 .text._Z15railToDegDriverdi
                0x03800c18      0x4e0 build/src/main.o
                0x03800c18                railToDegDriver(double, int)
 .text._Z15autoStackDriverv
                0x038010f8       0x18 build/src/main.o
                0x038010f8                autoStackDriver()
 .text._Z7Picturev
                0x03801110      0x218 build/src/main.o
                0x03801110                Picture()
 .text._Z6Valuesv
                0x03801328       0x84 build/src/main.o
                0x03801328                Values()
 .text.__cxx_global_array_dtor
                0x038013ac       0x3c build/src/main.o
 .text._Z13selectionMenuv
                0x038013e8      0x144 build/src/main.o
                0x038013e8                selectionMenu()
 .text._ZN6Button6renderEv
                0x0380152c       0x70 build/src/main.o
                0x0380152c                Button::render()
 .text._ZN6Button9isClickedEv
                0x0380159c       0x98 build/src/main.o
                0x0380159c                Button::isClicked()
 .text._Z15runSelectedAutov
                0x03801634       0xa8 build/src/main.o
                0x03801634                runSelectedAuto()
 .text._Z9pre_autonv
                0x038016dc       0x64 build/src/main.o
                0x038016dc                pre_auton()
 .text._Z10autonomousv
                0x03801740        0x4 build/src/main.o
                0x03801740                autonomous()
 *fill*         0x03801744        0x4 
 .text._Z11usercontrolv
                0x03801748      0x3a0 build/src/main.o
                0x03801748                usercontrol()
 .text.main     0x03801ae8       0x34 build/src/main.o
                0x03801ae8                main
 *fill*         0x03801b1c        0x4 
 .text._GLOBAL__sub_I_main.cpp
                0x03801b20      0x6b8 build/src/main.o
 .text.vexMain  0x038021d8       0xb0 C:\Program Files (x86)\VEX Robotics\VEXcode V5 Text\sdk/vexv5\libv5rt.a(v5_startup.c.obj)
                0x038021d8                vexMain
 .text.__vex_function_prolog
                0x03802288       0x18 C:\Program Files (x86)\VEX Robotics\VEXcode V5 Text\sdk/vexv5\libv5rt.a(v5_startup.c.obj)
                0x03802288                __vex_function_prolog
 .text._init    0x038022a0        0x4 C:\Program Files (x86)\VEX Robotics\VEXcode V5 Text\sdk/vexv5\libv5rt.a(v5_startup.c.obj)
                0x038022a0                _init
 .text._fini    0x038022a4        0x4 C:\Program Files (x86)\VEX Robotics\VEXcode V5 Text\sdk/vexv5\libv5rt.a(v5_startup.c.obj)
                0x038022a4                _fini
 .text.vexStdlibVersionLinked
                0x038022a8        0xc C:\Program Files (x86)\VEX Robotics\VEXcode V5 Text\sdk/vexv5\libv5rt.a(v5_util.c.obj)
                0x038022a8                vexStdlibVersionLinked
 .text.vexStdlibVersionVerify
                0x038022b4       0x30 C:\Program Files (x86)\VEX Robotics\VEXcode V5 Text\sdk/vexv5\libv5rt.a(v5_util.c.obj)
                0x038022b4                vexStdlibVersionVerify
 .text.vexPrivateApiEnable
                0x038022e4       0x10 C:\Program Files (x86)\VEX Robotics\VEXcode V5 Text\sdk/vexv5\libv5rt.a(v5_apijump.c.obj)
                0x038022e4                vexPrivateApiEnable
 .text.vexStdlibMismatchError
                0x038022f4       0x3c C:\Program Files (x86)\VEX Robotics\VEXcode V5 Text\sdk/vexv5\libv5rt.a(v5_apijump.c.obj)
                0x038022f4                vexStdlibMismatchError
 .text.vexTaskAdd
                0x03802330       0x10 C:\Program Files (x86)\VEX Robotics\VEXcode V5 Text\sdk/vexv5\libv5rt.a(v5_apijump.c.obj)
                0x03802330                vexTaskAdd
 .text.vexTaskStop
                0x03802340       0x10 C:\Program Files (x86)\VEX Robotics\VEXcode V5 Text\sdk/vexv5\libv5rt.a(v5_apijump.c.obj)
                0x03802340                vexTaskStop
 .text.vexTasksRun
                0x03802350       0x10 C:\Program Files (x86)\VEX Robotics\VEXcode V5 Text\sdk/vexv5\libv5rt.a(v5_apijump.c.obj)
                0x03802350                vexTasksRun
 .text.vexTaskYield
                0x03802360       0x10 C:\Program Files (x86)\VEX Robotics\VEXcode V5 Text\sdk/vexv5\libv5rt.a(v5_apijump.c.obj)
                0x03802360                vexTaskYield
 .text.vexTaskCheckTimeslice
                0x03802370       0x10 C:\Program Files (x86)\VEX Robotics\VEXcode V5 Text\sdk/vexv5\libv5rt.a(v5_apijump.c.obj)
                0x03802370                vexTaskCheckTimeslice
 .text.vexTaskSleep
                0x03802380       0x10 C:\Program Files (x86)\VEX Robotics\VEXcode V5 Text\sdk/vexv5\libv5rt.a(v5_apijump.c.obj)
                0x03802380                vexTaskSleep
 .text.vexTasksDump
                0x03802390       0x1c C:\Program Files (x86)\VEX Robotics\VEXcode V5 Text\sdk/vexv5\libv5rt.a(v5_apijump.c.obj)
                0x03802390                vexTasksDump
 .text.vexTaskGetTaskIndex
                0x038023ac       0x10 C:\Program Files (x86)\VEX Robotics\VEXcode V5 Text\sdk/vexv5\libv5rt.a(v5_apijump.c.obj)
                0x038023ac                vexTaskGetTaskIndex
 .text.vexTaskStopAll
                0x038023bc       0x10 C:\Program Files (x86)\VEX Robotics\VEXcode V5 Text\sdk/vexv5\libv5rt.a(v5_apijump.c.obj)
                0x038023bc                vexTaskStopAll
 .text.vexTaskRemoveAllUser
                0x038023cc       0x34 C:\Program Files (x86)\VEX Robotics\VEXcode V5 Text\sdk/vexv5\libv5rt.a(v5_apijump.c.obj)
                0x038023cc                vexTaskRemoveAllUser
 .text.vexTaskCompletionIdSet
                0x03802400       0x10 C:\Program Files (x86)\VEX Robotics\VEXcode V5 Text\sdk/vexv5\libv5rt.a(v5_apijump.c.obj)
                0x03802400                vexTaskCompletionIdSet
 .text.vexCriticalSection
                0x03802410       0x2c C:\Program Files (x86)\VEX Robotics\VEXcode V5 Text\sdk/vexv5\libv5rt.a(v5_apijump.c.obj)
                0x03802410                vexCriticalSection
 .text.vexEventAdd
                0x0380243c       0x34 C:\Program Files (x86)\VEX Robotics\VEXcode V5 Text\sdk/vexv5\libv5rt.a(v5_apijump.c.obj)
                0x0380243c                vexEventAdd
 .text.vexEventUserIndexGet
                0x03802470       0x1c C:\Program Files (x86)\VEX Robotics\VEXcode V5 Text\sdk/vexv5\libv5rt.a(v5_apijump.c.obj)
                0x03802470                vexEventUserIndexGet
 .text.vexEventAddWithArg
                0x0380248c       0x3c C:\Program Files (x86)\VEX Robotics\VEXcode V5 Text\sdk/vexv5\libv5rt.a(v5_apijump.c.obj)
                0x0380248c                vexEventAddWithArg
 .text.vexEventsCleanup
                0x038024c8       0x2c C:\Program Files (x86)\VEX Robotics\VEXcode V5 Text\sdk/vexv5\libv5rt.a(v5_apijump.c.obj)
                0x038024c8                vexEventsCleanup
 .text.vexDebug
                0x038024f4       0x38 C:\Program Files (x86)\VEX Robotics\VEXcode V5 Text\sdk/vexv5\libv5rt.a(v5_apijump.c.obj)
                0x038024f4                vexDebug
 .text.vex_sprintf
                0x0380252c       0x40 C:\Program Files (x86)\VEX Robotics\VEXcode V5 Text\sdk/vexv5\libv5rt.a(v5_apijump.c.obj)
                0x0380252c                vex_sprintf
 .text.vex_vsnprintf
                0x0380256c       0x3c C:\Program Files (x86)\VEX Robotics\VEXcode V5 Text\sdk/vexv5\libv5rt.a(v5_apijump.c.obj)
                0x0380256c                vex_vsnprintf
 .text.vexSystemTimeGet
                0x038025a8       0x1c C:\Program Files (x86)\VEX Robotics\VEXcode V5 Text\sdk/vexv5\libv5rt.a(v5_apijump.c.obj)
                0x038025a8                vexSystemTimeGet
 .text.vexSystemExitRequest
                0x038025c4       0x1c C:\Program Files (x86)\VEX Robotics\VEXcode V5 Text\sdk/vexv5\libv5rt.a(v5_apijump.c.obj)
                0x038025c4                vexSystemExitRequest
 .text.vexDeviceGetByIndex
                0x038025e0       0x24 C:\Program Files (x86)\VEX Robotics\VEXcode V5 Text\sdk/vexv5\libv5rt.a(v5_apijump.c.obj)
                0x038025e0                vexDeviceGetByIndex
 .text.vexControllerGet
                0x03802604       0x2c C:\Program Files (x86)\VEX Robotics\VEXcode V5 Text\sdk/vexv5\libv5rt.a(v5_apijump.c.obj)
                0x03802604                vexControllerGet
 .text.vexControllerTextSet
                0x03802630       0x74 C:\Program Files (x86)\VEX Robotics\VEXcode V5 Text\sdk/vexv5\libv5rt.a(v5_apijump.c.obj)
                0x03802630                vexControllerTextSet
 .text.vexDeviceAdiPortConfigSet
                0x038026a4       0x34 C:\Program Files (x86)\VEX Robotics\VEXcode V5 Text\sdk/vexv5\libv5rt.a(v5_apijump.c.obj)
                0x038026a4                vexDeviceAdiPortConfigSet
 .text.vexDeviceAdiPortConfigGet
                0x038026d8       0x2c C:\Program Files (x86)\VEX Robotics\VEXcode V5 Text\sdk/vexv5\libv5rt.a(v5_apijump.c.obj)
                0x038026d8                vexDeviceAdiPortConfigGet
 .text.vexDeviceAdiValueSet
                0x03802704       0x34 C:\Program Files (x86)\VEX Robotics\VEXcode V5 Text\sdk/vexv5\libv5rt.a(v5_apijump.c.obj)
                0x03802704                vexDeviceAdiValueSet
 .text.vexDeviceAdiValueGet
                0x03802738       0x2c C:\Program Files (x86)\VEX Robotics\VEXcode V5 Text\sdk/vexv5\libv5rt.a(v5_apijump.c.obj)
                0x03802738                vexDeviceAdiValueGet
 .text.vexDeviceMotorVelocitySet
                0x03802764       0x2c C:\Program Files (x86)\VEX Robotics\VEXcode V5 Text\sdk/vexv5\libv5rt.a(v5_apijump.c.obj)
                0x03802764                vexDeviceMotorVelocitySet
 .text.vexDeviceMotorActualVelocityGet
                0x03802790       0x24 C:\Program Files (x86)\VEX Robotics\VEXcode V5 Text\sdk/vexv5\libv5rt.a(v5_apijump.c.obj)
                0x03802790                vexDeviceMotorActualVelocityGet
 .text.vexDeviceMotorZeroPositionFlagGet
                0x038027b4       0x24 C:\Program Files (x86)\VEX Robotics\VEXcode V5 Text\sdk/vexv5\libv5rt.a(v5_apijump.c.obj)
                0x038027b4                vexDeviceMotorZeroPositionFlagGet
 .text.vexDeviceMotorReverseFlagSet
                0x038027d8       0x2c C:\Program Files (x86)\VEX Robotics\VEXcode V5 Text\sdk/vexv5\libv5rt.a(v5_apijump.c.obj)
                0x038027d8                vexDeviceMotorReverseFlagSet
 .text.vexDeviceMotorEncoderUnitsSet
                0x03802804       0x2c C:\Program Files (x86)\VEX Robotics\VEXcode V5 Text\sdk/vexv5\libv5rt.a(v5_apijump.c.obj)
                0x03802804                vexDeviceMotorEncoderUnitsSet
 .text.vexDeviceMotorBrakeModeSet
                0x03802830       0x2c C:\Program Files (x86)\VEX Robotics\VEXcode V5 Text\sdk/vexv5\libv5rt.a(v5_apijump.c.obj)
                0x03802830                vexDeviceMotorBrakeModeSet
 .text.vexDeviceMotorPositionSet
                0x0380285c       0x34 C:\Program Files (x86)\VEX Robotics\VEXcode V5 Text\sdk/vexv5\libv5rt.a(v5_apijump.c.obj)
                0x0380285c                vexDeviceMotorPositionSet
 .text.vexDeviceMotorPositionGet
                0x03802890       0x24 C:\Program Files (x86)\VEX Robotics\VEXcode V5 Text\sdk/vexv5\libv5rt.a(v5_apijump.c.obj)
                0x03802890                vexDeviceMotorPositionGet
 .text.vexDeviceMotorAbsoluteTargetSet
                0x038028b4       0x3c C:\Program Files (x86)\VEX Robotics\VEXcode V5 Text\sdk/vexv5\libv5rt.a(v5_apijump.c.obj)
                0x038028b4                vexDeviceMotorAbsoluteTargetSet
 .text.vexDeviceMotorGearingGet
                0x038028f0       0x24 C:\Program Files (x86)\VEX Robotics\VEXcode V5 Text\sdk/vexv5\libv5rt.a(v5_apijump.c.obj)
                0x038028f0                vexDeviceMotorGearingGet
 .text.vexDisplayForegroundColor
                0x03802914       0x24 C:\Program Files (x86)\VEX Robotics\VEXcode V5 Text\sdk/vexv5\libv5rt.a(v5_apijump.c.obj)
                0x03802914                vexDisplayForegroundColor
 .text.vexDisplayBackgroundColor
                0x03802938       0x24 C:\Program Files (x86)\VEX Robotics\VEXcode V5 Text\sdk/vexv5\libv5rt.a(v5_apijump.c.obj)
                0x03802938                vexDisplayBackgroundColor
 .text.vexDisplayBackgroundColorGet
                0x0380295c       0x1c C:\Program Files (x86)\VEX Robotics\VEXcode V5 Text\sdk/vexv5\libv5rt.a(v5_apijump.c.obj)
                0x0380295c                vexDisplayBackgroundColorGet
 .text.vexDisplayPixelSet
                0x03802978       0x38 C:\Program Files (x86)\VEX Robotics\VEXcode V5 Text\sdk/vexv5\libv5rt.a(v5_apijump.c.obj)
                0x03802978                vexDisplayPixelSet
 .text.vexDisplayLineDraw
                0x038029b0       0x4c C:\Program Files (x86)\VEX Robotics\VEXcode V5 Text\sdk/vexv5\libv5rt.a(v5_apijump.c.obj)
                0x038029b0                vexDisplayLineDraw
 .text.vexDisplayRectDraw
                0x038029fc       0x4c C:\Program Files (x86)\VEX Robotics\VEXcode V5 Text\sdk/vexv5\libv5rt.a(v5_apijump.c.obj)
                0x038029fc                vexDisplayRectDraw
 .text.vexDisplayRectClear
                0x03802a48       0x4c C:\Program Files (x86)\VEX Robotics\VEXcode V5 Text\sdk/vexv5\libv5rt.a(v5_apijump.c.obj)
                0x03802a48                vexDisplayRectClear
 .text.vexDisplayCircleDraw
                0x03802a94       0x40 C:\Program Files (x86)\VEX Robotics\VEXcode V5 Text\sdk/vexv5\libv5rt.a(v5_apijump.c.obj)
                0x03802a94                vexDisplayCircleDraw
 .text.vexDisplayCircleClear
                0x03802ad4       0x40 C:\Program Files (x86)\VEX Robotics\VEXcode V5 Text\sdk/vexv5\libv5rt.a(v5_apijump.c.obj)
                0x03802ad4                vexDisplayCircleClear
 .text.vexDisplayPrintf
                0x03802b14       0x68 C:\Program Files (x86)\VEX Robotics\VEXcode V5 Text\sdk/vexv5\libv5rt.a(v5_apijump.c.obj)
                0x03802b14                vexDisplayPrintf
 .text.vexDisplayTextReference
                0x03802b7c       0x24 C:\Program Files (x86)\VEX Robotics\VEXcode V5 Text\sdk/vexv5\libv5rt.a(v5_apijump.c.obj)
                0x03802b7c                vexDisplayTextReference
 .text.vexDisplayTextSize
                0x03802ba0       0x2c C:\Program Files (x86)\VEX Robotics\VEXcode V5 Text\sdk/vexv5\libv5rt.a(v5_apijump.c.obj)
                0x03802ba0                vexDisplayTextSize
 .text.vexDisplayFontNamedSet
                0x03802bcc       0x24 C:\Program Files (x86)\VEX Robotics\VEXcode V5 Text\sdk/vexv5\libv5rt.a(v5_apijump.c.obj)
                0x03802bcc                vexDisplayFontNamedSet
 .text.vexDisplayStringWidthGet
                0x03802bf0       0x24 C:\Program Files (x86)\VEX Robotics\VEXcode V5 Text\sdk/vexv5\libv5rt.a(v5_apijump.c.obj)
                0x03802bf0                vexDisplayStringWidthGet
 .text.vexDisplayPenSizeSet
                0x03802c14       0x24 C:\Program Files (x86)\VEX Robotics\VEXcode V5 Text\sdk/vexv5\libv5rt.a(v5_apijump.c.obj)
                0x03802c14                vexDisplayPenSizeSet
 .text.vexDisplayPenSizeGet
                0x03802c38       0x1c C:\Program Files (x86)\VEX Robotics\VEXcode V5 Text\sdk/vexv5\libv5rt.a(v5_apijump.c.obj)
                0x03802c38                vexDisplayPenSizeGet
 .text.vexSystemStdlibImpureDataAddr
                0x03802c54       0x28 C:\Program Files (x86)\VEX Robotics\VEXcode V5 Text\sdk/vexv5\libv5rt.a(v5_apijump.c.obj)
                0x03802c54                vexSystemStdlibImpureDataAddr
 .text.vexSystemStdlibImpureDataSize
                0x03802c7c       0x28 C:\Program Files (x86)\VEX Robotics\VEXcode V5 Text\sdk/vexv5\libv5rt.a(v5_apijump.c.obj)
                0x03802c7c                vexSystemStdlibImpureDataSize
 .text.vexSystemSaveUserData
                0x03802ca4       0x3c C:\Program Files (x86)\VEX Robotics\VEXcode V5 Text\sdk/vexv5\libv5rt.a(v5_apijump.c.obj)
                0x03802ca4                vexSystemSaveUserData
 .text.vexTouchDataGet
                0x03802ce0       0x10 C:\Program Files (x86)\VEX Robotics\VEXcode V5 Text\sdk/vexv5\libv5rt.a(v5_apijump.c.obj)
                0x03802ce0                vexTouchDataGet
 .text.vexDisplayThemeIdGet
                0x03802cf0       0x38 C:\Program Files (x86)\VEX Robotics\VEXcode V5 Text\sdk/vexv5\libv5rt.a(v5_apijump.c.obj)
                0x03802cf0                vexDisplayThemeIdGet
 .text.vexDisplayRender
                0x03802d28       0x2c C:\Program Files (x86)\VEX Robotics\VEXcode V5 Text\sdk/vexv5\libv5rt.a(v5_apijump.c.obj)
                0x03802d28                vexDisplayRender
 .text.vexBatteryCapacityGet
                0x03802d54       0x1c C:\Program Files (x86)\VEX Robotics\VEXcode V5 Text\sdk/vexv5\libv5rt.a(v5_apijump.c.obj)
                0x03802d54                vexBatteryCapacityGet
 .text.vexDeviceEventMaskSet
                0x03802d70       0x48 C:\Program Files (x86)\VEX Robotics\VEXcode V5 Text\sdk/vexv5\libv5rt.a(v5_apijump.c.obj)
                0x03802d70                vexDeviceEventMaskSet
 .text.vexDeviceEventMaskGet
                0x03802db8       0x3c C:\Program Files (x86)\VEX Robotics\VEXcode V5 Text\sdk/vexv5\libv5rt.a(v5_apijump.c.obj)
                0x03802db8                vexDeviceEventMaskGet
 .text.vexSystemVersion
                0x03802df4       0x10 C:\Program Files (x86)\VEX Robotics\VEXcode V5 Text\sdk/vexv5\libv5rt.a(v5_apiversions.c.obj)
                0x03802df4                vexSystemVersion
 .text.vexStdlibVersion
                0x03802e04       0x10 C:\Program Files (x86)\VEX Robotics\VEXcode V5 Text\sdk/vexv5\libv5rt.a(v5_apiversions.c.obj)
                0x03802e04                vexStdlibVersion
 *fill*         0x03802e14        0x4 
 .text._ZN3vex4waitEdNS_9timeUnitsE
                0x03802e18       0x30 C:\Program Files (x86)\VEX Robotics\VEXcode V5 Text\sdk/vexv5\libv5rt.a(vex_global.cpp.obj)
                0x03802e18                vex::wait(double, vex::timeUnits)
 .text._ZN3vex5motor9installedEv
                0x03802e48       0x18 C:\Program Files (x86)\VEX Robotics\VEXcode V5 Text\sdk/vexv5\libv5rt.a(vex_motor.cpp.obj)
                0x03802e48                vex::motor::installed()
 .text._ZN3vex5motorD2Ev
                0x03802e60       0x20 C:\Program Files (x86)\VEX Robotics\VEXcode V5 Text\sdk/vexv5\libv5rt.a(vex_motor.cpp.obj)
                0x03802e60                vex::motor::~motor()
                0x03802e60                vex::motor::~motor()
 .text._ZN3vex5motor15defaultStoppingENS_9brakeTypeE
                0x03802e80       0x30 C:\Program Files (x86)\VEX Robotics\VEXcode V5 Text\sdk/vexv5\libv5rt.a(vex_motor.cpp.obj)
                0x03802e80                vex::motor::defaultStopping(vex::brakeType)
 .text._ZN3vex5motorC2El
                0x03802eb0       0x78 C:\Program Files (x86)\VEX Robotics\VEXcode V5 Text\sdk/vexv5\libv5rt.a(vex_motor.cpp.obj)
                0x03802eb0                vex::motor::motor(long)
                0x03802eb0                vex::motor::motor(long)
 .text._ZN3vex5motorC2Elb
                0x03802f28       0x24 C:\Program Files (x86)\VEX Robotics\VEXcode V5 Text\sdk/vexv5\libv5rt.a(vex_motor.cpp.obj)
                0x03802f28                vex::motor::motor(long, bool)
                0x03802f28                vex::motor::motor(long, bool)
 .text._ZN3vex5motor4stopENS_9brakeTypeE
                0x03802f4c       0x30 C:\Program Files (x86)\VEX Robotics\VEXcode V5 Text\sdk/vexv5\libv5rt.a(vex_motor.cpp.obj)
                0x03802f4c                vex::motor::stop(vex::brakeType)
 .text._ZN3vex5motor4stopEv
                0x03802f7c        0x8 C:\Program Files (x86)\VEX Robotics\VEXcode V5 Text\sdk/vexv5\libv5rt.a(vex_motor.cpp.obj)
                0x03802f7c                vex::motor::stop()
 .text._ZN3vex5motor16velocityToScaledEdNS_13velocityUnitsE
                0x03802f84       0x5c C:\Program Files (x86)\VEX Robotics\VEXcode V5 Text\sdk/vexv5\libv5rt.a(vex_motor.cpp.obj)
                0x03802f84                vex::motor::velocityToScaled(double, vex::velocityUnits)
 .text._ZN3vex5motor8velocityENS_13velocityUnitsE
                0x03802fe0       0x30 C:\Program Files (x86)\VEX Robotics\VEXcode V5 Text\sdk/vexv5\libv5rt.a(vex_motor.cpp.obj)
                0x03802fe0                vex::motor::velocity(vex::velocityUnits)
 .text._ZN3vex5motor5valueEv
                0x03803010       0x1c C:\Program Files (x86)\VEX Robotics\VEXcode V5 Text\sdk/vexv5\libv5rt.a(vex_motor.cpp.obj)
                0x03803010                vex::motor::value()
 .text._ZN3vex5motor16scaledToVelocityEdNS_13velocityUnitsE
                0x0380302c       0xa4 C:\Program Files (x86)\VEX Robotics\VEXcode V5 Text\sdk/vexv5\libv5rt.a(vex_motor.cpp.obj)
                0x0380302c                vex::motor::scaledToVelocity(double, vex::velocityUnits)
 .text._ZN3vex5motor4spinENS_13directionTypeEdNS_13velocityUnitsE
                0x038030d0       0x5c C:\Program Files (x86)\VEX Robotics\VEXcode V5 Text\sdk/vexv5\libv5rt.a(vex_motor.cpp.obj)
                0x038030d0                vex::motor::spin(vex::directionType, double, vex::velocityUnits)
 .text._ZN3vex5motor16setRotationUnitsENS_13rotationUnitsE
                0x0380312c       0x1c C:\Program Files (x86)\VEX Robotics\VEXcode V5 Text\sdk/vexv5\libv5rt.a(vex_motor.cpp.obj)
                0x0380312c                vex::motor::setRotationUnits(vex::rotationUnits)
 .text._ZN3vex5motor11setRotationEdNS_13rotationUnitsE
                0x03803148       0x44 C:\Program Files (x86)\VEX Robotics\VEXcode V5 Text\sdk/vexv5\libv5rt.a(vex_motor.cpp.obj)
                0x03803148                vex::motor::setRotation(double, vex::rotationUnits)
 .text._ZN3vex5motor13resetRotationEv
                0x0380318c       0x20 C:\Program Files (x86)\VEX Robotics\VEXcode V5 Text\sdk/vexv5\libv5rt.a(vex_motor.cpp.obj)
                0x0380318c                vex::motor::resetRotation()
 .text._ZN3vex5motor8rotateToEdNS_13rotationUnitsEdNS_13velocityUnitsEb
                0x038031ac       0xc4 C:\Program Files (x86)\VEX Robotics\VEXcode V5 Text\sdk/vexv5\libv5rt.a(vex_motor.cpp.obj)
                0x038031ac                vex::motor::rotateTo(double, vex::rotationUnits, double, vex::velocityUnits, bool)
 .text._ZN3vex5motor13startRotateToEdNS_13rotationUnitsEdNS_13velocityUnitsE
                0x03803270       0x34 C:\Program Files (x86)\VEX Robotics\VEXcode V5 Text\sdk/vexv5\libv5rt.a(vex_motor.cpp.obj)
                0x03803270                vex::motor::startRotateTo(double, vex::rotationUnits, double, vex::velocityUnits)
 .text._ZN3vex5motor8rotationENS_13rotationUnitsE
                0x038032a4       0x44 C:\Program Files (x86)\VEX Robotics\VEXcode V5 Text\sdk/vexv5\libv5rt.a(vex_motor.cpp.obj)
                0x038032a4                vex::motor::rotation(vex::rotationUnits)
 .text._ZN3vex10controllerD2Ev
                0x038032e8        0x4 C:\Program Files (x86)\VEX Robotics\VEXcode V5 Text\sdk/vexv5\libv5rt.a(vex_controller.cpp.obj)
                0x038032e8                vex::controller::~controller()
                0x038032e8                vex::controller::~controller()
 .text._ZN3vex10controller5valueE19_V5_ControllerIndex
                0x038032ec        0x8 C:\Program Files (x86)\VEX Robotics\VEXcode V5 Text\sdk/vexv5\libv5rt.a(vex_controller.cpp.obj)
                0x038032ec                vex::controller::value(_V5_ControllerIndex)
 .text._ZN3vex10controller6button8pressingEv
                0x038032f4       0xc8 C:\Program Files (x86)\VEX Robotics\VEXcode V5 Text\sdk/vexv5\libv5rt.a(vex_controller.cpp.obj)
                0x038032f4                vex::controller::button::pressing()
 .text._ZN3vex10controller6button7pressedEPFvvE
                0x038033bc      0x108 C:\Program Files (x86)\VEX Robotics\VEXcode V5 Text\sdk/vexv5\libv5rt.a(vex_controller.cpp.obj)
                0x038033bc                vex::controller::button::pressed(void (*)())
 .text._ZN3vex10controller6button21_buttonToPressedEventEv
                0x038034c4       0x20 C:\Program Files (x86)\VEX Robotics\VEXcode V5 Text\sdk/vexv5\libv5rt.a(vex_controller.cpp.obj)
                0x038034c4                vex::controller::button::_buttonToPressedEvent()
 .text._ZN3vex10controller6button22_buttonToReleasedEventEv
                0x038034e4       0x20 C:\Program Files (x86)\VEX Robotics\VEXcode V5 Text\sdk/vexv5\libv5rt.a(vex_controller.cpp.obj)
                0x038034e4                vex::controller::button::_buttonToReleasedEvent()
 .text._ZN3vex10controller6buttonC2ENS0_11tButtonTypeEPS0_
                0x03803504       0x48 C:\Program Files (x86)\VEX Robotics\VEXcode V5 Text\sdk/vexv5\libv5rt.a(vex_controller.cpp.obj)
                0x03803504                vex::controller::button::button(vex::controller::tButtonType, vex::controller*)
                0x03803504                vex::controller::button::button(vex::controller::tButtonType, vex::controller*)
 .text._ZN3vex10controller4axis5valueEv
                0x0380354c       0x58 C:\Program Files (x86)\VEX Robotics\VEXcode V5 Text\sdk/vexv5\libv5rt.a(vex_controller.cpp.obj)
                0x0380354c                vex::controller::axis::value()
 .text._ZN3vex10controller4axis23_joystickToChangedEventEv
                0x038035a4       0x20 C:\Program Files (x86)\VEX Robotics\VEXcode V5 Text\sdk/vexv5\libv5rt.a(vex_controller.cpp.obj)
                0x038035a4                vex::controller::axis::_joystickToChangedEvent()
 .text._ZN3vex10controller4axisC2ENS0_9tAxisTypeEPS0_
                0x038035c4       0x2c C:\Program Files (x86)\VEX Robotics\VEXcode V5 Text\sdk/vexv5\libv5rt.a(vex_controller.cpp.obj)
                0x038035c4                vex::controller::axis::axis(vex::controller::tAxisType, vex::controller*)
                0x038035c4                vex::controller::axis::axis(vex::controller::tAxisType, vex::controller*)
 .text._ZN3vex10controllerC2ENS_14controllerTypeE
                0x038035f0      0x204 C:\Program Files (x86)\VEX Robotics\VEXcode V5 Text\sdk/vexv5\libv5rt.a(vex_controller.cpp.obj)
                0x038035f0                vex::controller::controller(vex::controllerType)
                0x038035f0                vex::controller::controller(vex::controllerType)
 .text._ZN3vex10controller3lcd15getControllerIdEv
                0x038037f4       0x10 C:\Program Files (x86)\VEX Robotics\VEXcode V5 Text\sdk/vexv5\libv5rt.a(vex_controller.cpp.obj)
                0x038037f4                vex::controller::lcd::getControllerId()
 .text._ZN3vex10controller3lcd5printEPKcz
                0x03803804       0x74 C:\Program Files (x86)\VEX Robotics\VEXcode V5 Text\sdk/vexv5\libv5rt.a(vex_controller.cpp.obj)
                0x03803804                vex::controller::lcd::print(char const*, ...)
 .text._ZN3vex4taskC2EPFivE
                0x03803878       0x54 C:\Program Files (x86)\VEX Robotics\VEXcode V5 Text\sdk/vexv5\libv5rt.a(vex_task.cpp.obj)
                0x03803878                vex::task::task(int (*)())
                0x03803878                vex::task::task(int (*)())
 .text._ZN3vex4taskD2Ev
                0x038038cc        0x4 C:\Program Files (x86)\VEX Robotics\VEXcode V5 Text\sdk/vexv5\libv5rt.a(vex_task.cpp.obj)
                0x038038cc                vex::task::~task()
                0x038038cc                vex::task::~task()
 .text._ZN3vex4task4stopEPFivE
                0x038038d0        0xc C:\Program Files (x86)\VEX Robotics\VEXcode V5 Text\sdk/vexv5\libv5rt.a(vex_task.cpp.obj)
                0x038038d0                vex::task::stop(int (*)())
 .text._ZN3vex4task5sleepEm
                0x038038dc        0x4 C:\Program Files (x86)\VEX Robotics\VEXcode V5 Text\sdk/vexv5\libv5rt.a(vex_task.cpp.obj)
                0x038038dc                vex::task::sleep(unsigned long)
 .text._ZN3vex4task6_indexEPFivE
                0x038038e0       0x14 C:\Program Files (x86)\VEX Robotics\VEXcode V5 Text\sdk/vexv5\libv5rt.a(vex_task.cpp.obj)
                0x038038e0                vex::task::_index(int (*)())
 .text._ZN3vex4task8_stopAllEv
                0x038038f4       0x3c C:\Program Files (x86)\VEX Robotics\VEXcode V5 Text\sdk/vexv5\libv5rt.a(vex_task.cpp.obj)
                0x038038f4                vex::task::_stopAll()
 .text._ZN3vex11this_thread9sleep_forEm
                0x03803930        0x4 C:\Program Files (x86)\VEX Robotics\VEXcode V5 Text\sdk/vexv5\libv5rt.a(vex_thread.cpp.obj)
                0x03803930                vex::this_thread::sleep_for(unsigned long)
 .text._ZN3vex5event4initEmmPFvvE
                0x03803934        0x4 C:\Program Files (x86)\VEX Robotics\VEXcode V5 Text\sdk/vexv5\libv5rt.a(vex_event.cpp.obj)
                0x03803934                vex::event::init(unsigned long, unsigned long, void (*)())
 .text._ZN3vex5event4initEmmPFvPvES1_
                0x03803938        0x4 C:\Program Files (x86)\VEX Robotics\VEXcode V5 Text\sdk/vexv5\libv5rt.a(vex_event.cpp.obj)
                0x03803938                vex::event::init(unsigned long, unsigned long, void (*)(void*), void*)
 .text._ZN3vex5event9userindexEv
                0x0380393c        0x4 C:\Program Files (x86)\VEX Robotics\VEXcode V5 Text\sdk/vexv5\libv5rt.a(vex_event.cpp.obj)
                0x0380393c                vex::event::userindex()
 .text._ZZN3vex6meventC4EmmENUlvE_4_FUNEv
                0x03803940        0x4 C:\Program Files (x86)\VEX Robotics\VEXcode V5 Text\sdk/vexv5\libv5rt.a(vex_mevent.cpp.obj)
 .text._ZN3vex6meventC2Emm
                0x03803944       0x70 C:\Program Files (x86)\VEX Robotics\VEXcode V5 Text\sdk/vexv5\libv5rt.a(vex_mevent.cpp.obj)
                0x03803944                vex::mevent::mevent(unsigned long, unsigned long)
                0x03803944                vex::mevent::mevent(unsigned long, unsigned long)
 .text._ZL9_hexDigitc
                0x038039b4       0x48 C:\Program Files (x86)\VEX Robotics\VEXcode V5 Text\sdk/vexv5\libv5rt.a(vex_brain.cpp.obj)
 .text._ZN3vex5brainD2Ev
                0x038039fc       0x20 C:\Program Files (x86)\VEX Robotics\VEXcode V5 Text\sdk/vexv5\libv5rt.a(vex_brain.cpp.obj)
                0x038039fc                vex::brain::~brain()
                0x038039fc                vex::brain::~brain()
 .text._ZN3vex5brain9_getIndexEv
                0x03803a1c       0x10 C:\Program Files (x86)\VEX Robotics\VEXcode V5 Text\sdk/vexv5\libv5rt.a(vex_brain.cpp.obj)
                0x03803a1c                vex::brain::_getIndex()
 .text._ZN3vex5brain3lcd9setCursorEll
                0x03803a2c       0x44 C:\Program Files (x86)\VEX Robotics\VEXcode V5 Text\sdk/vexv5\libv5rt.a(vex_brain.cpp.obj)
                0x03803a2c                vex::brain::lcd::setCursor(long, long)
 .text._ZN3vex5brain3lcd7setFontENS_8fontTypeE
                0x03803a70      0x23c C:\Program Files (x86)\VEX Robotics\VEXcode V5 Text\sdk/vexv5\libv5rt.a(vex_brain.cpp.obj)
                0x03803a70                vex::brain::lcd::setFont(vex::fontType)
 .text._ZN3vex5brain3lcdC2Ev
                0x03803cac       0x94 C:\Program Files (x86)\VEX Robotics\VEXcode V5 Text\sdk/vexv5\libv5rt.a(vex_brain.cpp.obj)
                0x03803cac                vex::brain::lcd::lcd()
                0x03803cac                vex::brain::lcd::lcd()
 .text._ZN3vex5brainC2Ev
                0x03803d40       0x38 C:\Program Files (x86)\VEX Robotics\VEXcode V5 Text\sdk/vexv5\libv5rt.a(vex_brain.cpp.obj)
                0x03803d40                vex::brain::brain()
                0x03803d40                vex::brain::brain()
 .text._ZN3vex5brain3lcd11setPenWidthEm
                0x03803d78       0x24 C:\Program Files (x86)\VEX Robotics\VEXcode V5 Text\sdk/vexv5\libv5rt.a(vex_brain.cpp.obj)
                0x03803d78                vex::brain::lcd::setPenWidth(unsigned long)
 .text._ZN3vex5brain3lcd11setPenColorERKNS_5colorE
                0x03803d9c       0x14 C:\Program Files (x86)\VEX Robotics\VEXcode V5 Text\sdk/vexv5\libv5rt.a(vex_brain.cpp.obj)
                0x03803d9c                vex::brain::lcd::setPenColor(vex::color const&)
 .text._ZN3vex5brain3lcd12setFillColorERKNS_5colorE
                0x03803db0       0x38 C:\Program Files (x86)\VEX Robotics\VEXcode V5 Text\sdk/vexv5\libv5rt.a(vex_brain.cpp.obj)
                0x03803db0                vex::brain::lcd::setFillColor(vex::color const&)
 .text._ZN3vex5brain3lcd7printAtEllPKcz
                0x03803de8       0x6c C:\Program Files (x86)\VEX Robotics\VEXcode V5 Text\sdk/vexv5\libv5rt.a(vex_brain.cpp.obj)
                0x03803de8                vex::brain::lcd::printAt(long, long, char const*, ...)
 .text._ZN3vex5brain3lcd7printAtEllbPKcz
                0x03803e54       0x64 C:\Program Files (x86)\VEX Robotics\VEXcode V5 Text\sdk/vexv5\libv5rt.a(vex_brain.cpp.obj)
                0x03803e54                vex::brain::lcd::printAt(long, long, bool, char const*, ...)
 .text._ZN3vex5brain3lcd12_clearScreenEm
                0x03803eb8       0x38 C:\Program Files (x86)\VEX Robotics\VEXcode V5 Text\sdk/vexv5\libv5rt.a(vex_brain.cpp.obj)
                0x03803eb8                vex::brain::lcd::_clearScreen(unsigned long)
 .text._ZN3vex5brain3lcd11clearScreenERKNS_5colorE
                0x03803ef0       0x20 C:\Program Files (x86)\VEX Robotics\VEXcode V5 Text\sdk/vexv5\libv5rt.a(vex_brain.cpp.obj)
                0x03803ef0                vex::brain::lcd::clearScreen(vex::color const&)
 .text._ZN3vex5brain3lcd9drawPixelEii
                0x03803f10       0x14 C:\Program Files (x86)\VEX Robotics\VEXcode V5 Text\sdk/vexv5\libv5rt.a(vex_brain.cpp.obj)
                0x03803f10                vex::brain::lcd::drawPixel(int, int)
 .text._ZN3vex5brain3lcd8drawLineEiiii
                0x03803f24      0x2c4 C:\Program Files (x86)\VEX Robotics\VEXcode V5 Text\sdk/vexv5\libv5rt.a(vex_brain.cpp.obj)
                0x03803f24                vex::brain::lcd::drawLine(int, int, int, int)
 .text._ZN3vex5brain3lcd13drawRectangleEiiii
                0x038041e8       0xdc C:\Program Files (x86)\VEX Robotics\VEXcode V5 Text\sdk/vexv5\libv5rt.a(vex_brain.cpp.obj)
                0x038041e8                vex::brain::lcd::drawRectangle(int, int, int, int)
 .text._ZN3vex5brain3lcd14_drawRectangleEiiiim
                0x038042c4       0x74 C:\Program Files (x86)\VEX Robotics\VEXcode V5 Text\sdk/vexv5\libv5rt.a(vex_brain.cpp.obj)
                0x038042c4                vex::brain::lcd::_drawRectangle(int, int, int, int, unsigned long)
 .text._ZN3vex5brain3lcd13drawRectangleEiiiiRKNS_5colorE
                0x03804338       0x68 C:\Program Files (x86)\VEX Robotics\VEXcode V5 Text\sdk/vexv5\libv5rt.a(vex_brain.cpp.obj)
                0x03804338                vex::brain::lcd::drawRectangle(int, int, int, int, vex::color const&)
 .text._ZN3vex5brain3lcd10drawCircleEiii
                0x038043a0       0xa4 C:\Program Files (x86)\VEX Robotics\VEXcode V5 Text\sdk/vexv5\libv5rt.a(vex_brain.cpp.obj)
                0x038043a0                vex::brain::lcd::drawCircle(int, int, int)
 .text._ZN3vex5brain3lcd9xPositionEv
                0x03804444       0x24 C:\Program Files (x86)\VEX Robotics\VEXcode V5 Text\sdk/vexv5\libv5rt.a(vex_brain.cpp.obj)
                0x03804444                vex::brain::lcd::xPosition()
 .text._ZN3vex5brain3lcd9yPositionEv
                0x03804468       0x24 C:\Program Files (x86)\VEX Robotics\VEXcode V5 Text\sdk/vexv5\libv5rt.a(vex_brain.cpp.obj)
                0x03804468                vex::brain::lcd::yPosition()
 .text._ZN3vex5brain3lcd8pressingEv
                0x0380448c       0x20 C:\Program Files (x86)\VEX Robotics\VEXcode V5 Text\sdk/vexv5\libv5rt.a(vex_brain.cpp.obj)
                0x0380448c                vex::brain::lcd::pressing()
 .text._ZN3vex5brain3lcd6renderEv
                0x038044ac        0xc C:\Program Files (x86)\VEX Robotics\VEXcode V5 Text\sdk/vexv5\libv5rt.a(vex_brain.cpp.obj)
                0x038044ac                vex::brain::lcd::render()
 .text._ZN3vex5brain3lcd10rowToPixelEl
                0x038044b8       0x34 C:\Program Files (x86)\VEX Robotics\VEXcode V5 Text\sdk/vexv5\libv5rt.a(vex_brain.cpp.obj)
                0x038044b8                vex::brain::lcd::rowToPixel(long)
 .text._ZN3vex5brain3lcd10colToPixelEl
                0x038044ec       0x1c C:\Program Files (x86)\VEX Robotics\VEXcode V5 Text\sdk/vexv5\libv5rt.a(vex_brain.cpp.obj)
                0x038044ec                vex::brain::lcd::colToPixel(long)
 .text._ZN3vex5brain3lcd5printEPKcz
                0x03804508       0xa0 C:\Program Files (x86)\VEX Robotics\VEXcode V5 Text\sdk/vexv5\libv5rt.a(vex_brain.cpp.obj)
                0x03804508                vex::brain::lcd::print(char const*, ...)
 .text._ZN3vex5brain3lcd13webColorToRgbEPKc
                0x038045a8       0x9c C:\Program Files (x86)\VEX Robotics\VEXcode V5 Text\sdk/vexv5\libv5rt.a(vex_brain.cpp.obj)
                0x038045a8                vex::brain::lcd::webColorToRgb(char const*)
 .text._ZN3vex5brain3lcd11setPenColorEPKc
                0x03804644       0x10 C:\Program Files (x86)\VEX Robotics\VEXcode V5 Text\sdk/vexv5\libv5rt.a(vex_brain.cpp.obj)
                0x03804644                vex::brain::lcd::setPenColor(char const*)
 .text._ZN3vex5brain3lcd12setFillColorEPKc
                0x03804654       0x1c C:\Program Files (x86)\VEX Robotics\VEXcode V5 Text\sdk/vexv5\libv5rt.a(vex_brain.cpp.obj)
                0x03804654                vex::brain::lcd::setFillColor(char const*)
 .text._ZN3vex5brain7battery8capacityENS_12percentUnitsE
                0x03804670       0x18 C:\Program Files (x86)\VEX Robotics\VEXcode V5 Text\sdk/vexv5\libv5rt.a(vex_brain.cpp.obj)
                0x03804670                vex::brain::battery::capacity(vex::percentUnits)
 .text._ZN3vex11competition8_disableEPv
                0x03804688       0x9c C:\Program Files (x86)\VEX Robotics\VEXcode V5 Text\sdk/vexv5\libv5rt.a(vex_competition.cpp.obj)
                0x03804688                vex::competition::_disable(void*)
 .text._ZN3vex11competition11_autonomousEv
                0x03804724       0x7c C:\Program Files (x86)\VEX Robotics\VEXcode V5 Text\sdk/vexv5\libv5rt.a(vex_competition.cpp.obj)
                0x03804724                vex::competition::_autonomous()
 .text._ZN3vex11competition14_drivercontrolEv
                0x038047a0       0x7c C:\Program Files (x86)\VEX Robotics\VEXcode V5 Text\sdk/vexv5\libv5rt.a(vex_competition.cpp.obj)
                0x038047a0                vex::competition::_drivercontrol()
 .text._ZN3vex11competitionC2Ev
                0x0380481c      0x13c C:\Program Files (x86)\VEX Robotics\VEXcode V5 Text\sdk/vexv5\libv5rt.a(vex_competition.cpp.obj)
                0x0380481c                vex::competition::competition()
                0x0380481c                vex::competition::competition()
 .text._ZN3vex11competitionD2Ev
                0x03804958        0x4 C:\Program Files (x86)\VEX Robotics\VEXcode V5 Text\sdk/vexv5\libv5rt.a(vex_competition.cpp.obj)
                0x03804958                vex::competition::~competition()
                0x03804958                vex::competition::~competition()
 .text._ZN3vex11competition10autonomousEPFvvE
                0x0380495c       0x44 C:\Program Files (x86)\VEX Robotics\VEXcode V5 Text\sdk/vexv5\libv5rt.a(vex_competition.cpp.obj)
                0x0380495c                vex::competition::autonomous(void (*)())
 .text._ZN3vex11competition13drivercontrolEPFvvE
                0x038049a0       0x44 C:\Program Files (x86)\VEX Robotics\VEXcode V5 Text\sdk/vexv5\libv5rt.a(vex_competition.cpp.obj)
                0x038049a0                vex::competition::drivercontrol(void (*)())
 .text._ZN3vex7triport9installedEv
                0x038049e4       0x18 C:\Program Files (x86)\VEX Robotics\VEXcode V5 Text\sdk/vexv5\libv5rt.a(vex_triport.cpp.obj)
                0x038049e4                vex::triport::installed()
 .text._ZN3vex7triportD2Ev
                0x038049fc       0x38 C:\Program Files (x86)\VEX Robotics\VEXcode V5 Text\sdk/vexv5\libv5rt.a(vex_triport.cpp.obj)
                0x038049fc                vex::triport::~triport()
                0x038049fc                vex::triport::~triport()
 .text._ZN3vex7triport4portC2ElPS0_
                0x03804a34       0x90 C:\Program Files (x86)\VEX Robotics\VEXcode V5 Text\sdk/vexv5\libv5rt.a(vex_triport.cpp.obj)
                0x03804a34                vex::triport::port::port(long, vex::triport*)
                0x03804a34                vex::triport::port::port(long, vex::triport*)
 .text._ZN3vex7triportC2El
                0x03804ac4       0xf0 C:\Program Files (x86)\VEX Robotics\VEXcode V5 Text\sdk/vexv5\libv5rt.a(vex_triport.cpp.obj)
                0x03804ac4                vex::triport::triport(long)
                0x03804ac4                vex::triport::triport(long)
 .text._ZN3vex7triport4port4typeENS_11triportTypeE
                0x03804bb4       0x34 C:\Program Files (x86)\VEX Robotics\VEXcode V5 Text\sdk/vexv5\libv5rt.a(vex_triport.cpp.obj)
                0x03804bb4                vex::triport::port::type(vex::triportType)
 .text._ZN3vex7triport4port4typeEv
                0x03804be8       0x38 C:\Program Files (x86)\VEX Robotics\VEXcode V5 Text\sdk/vexv5\libv5rt.a(vex_triport.cpp.obj)
                0x03804be8                vex::triport::port::type()
 .text._ZN3vex7triport4port5valueEv
                0x03804c20       0x14 C:\Program Files (x86)\VEX Robotics\VEXcode V5 Text\sdk/vexv5\libv5rt.a(vex_triport.cpp.obj)
                0x03804c20                vex::triport::port::value()
 .text._ZN3vex7triport4port5valueEl
                0x03804c34       0x18 C:\Program Files (x86)\VEX Robotics\VEXcode V5 Text\sdk/vexv5\libv5rt.a(vex_triport.cpp.obj)
                0x03804c34                vex::triport::port::value(long)
 .text._ZN3vex7triport4port14_convertAnalogENS_11analogUnitsE
                0x03804c4c       0x58 C:\Program Files (x86)\VEX Robotics\VEXcode V5 Text\sdk/vexv5\libv5rt.a(vex_triport.cpp.obj)
                0x03804c4c                vex::triport::port::_convertAnalog(vex::analogUnits)
 .text._ZN3vex11__trideviceC2ERNS_7triport4portENS_11triportTypeE
                0x03804ca4       0x5c C:\Program Files (x86)\VEX Robotics\VEXcode V5 Text\sdk/vexv5\libv5rt.a(vex_triport.cpp.obj)
                0x03804ca4                vex::__tridevice::__tridevice(vex::triport::port&, vex::triportType)
                0x03804ca4                vex::__tridevice::__tridevice(vex::triport::port&, vex::triportType)
 .text._ZN3vex11__tridevice14_convertAnalogENS_11analogUnitsE
                0x03804d00        0x8 C:\Program Files (x86)\VEX Robotics\VEXcode V5 Text\sdk/vexv5\libv5rt.a(vex_triport.cpp.obj)
                0x03804d00                vex::__tridevice::_convertAnalog(vex::analogUnits)
 .text._ZN3vex3potC2ERNS_7triport4portE
                0x03804d08       0x20 C:\Program Files (x86)\VEX Robotics\VEXcode V5 Text\sdk/vexv5\libv5rt.a(vex_triport.cpp.obj)
                0x03804d08                vex::pot::pot(vex::triport::port&)
                0x03804d08                vex::pot::pot(vex::triport::port&)
 .text._ZN3vex3potD2Ev
                0x03804d28        0x4 C:\Program Files (x86)\VEX Robotics\VEXcode V5 Text\sdk/vexv5\libv5rt.a(vex_triport.cpp.obj)
                0x03804d28                vex::pot::~pot()
                0x03804d28                vex::pot::~pot()
 *fill*         0x03804d2c        0x4 
 .text._ZN3vex3pot5valueENS_13rotationUnitsE
                0x03804d30       0x60 C:\Program Files (x86)\VEX Robotics\VEXcode V5 Text\sdk/vexv5\libv5rt.a(vex_triport.cpp.obj)
                0x03804d30                vex::pot::value(vex::rotationUnits)
 .text._ZN3vex4lineC2ERNS_7triport4portE
                0x03804d90       0x20 C:\Program Files (x86)\VEX Robotics\VEXcode V5 Text\sdk/vexv5\libv5rt.a(vex_triport.cpp.obj)
                0x03804d90                vex::line::line(vex::triport::port&)
                0x03804d90                vex::line::line(vex::triport::port&)
 .text._ZN3vex4lineD2Ev
                0x03804db0        0x4 C:\Program Files (x86)\VEX Robotics\VEXcode V5 Text\sdk/vexv5\libv5rt.a(vex_triport.cpp.obj)
                0x03804db0                vex::line::~line()
                0x03804db0                vex::line::~line()
 .text._ZN3vex4gyroC2ERNS_7triport4portE
                0x03804db4       0x34 C:\Program Files (x86)\VEX Robotics\VEXcode V5 Text\sdk/vexv5\libv5rt.a(vex_triport.cpp.obj)
                0x03804db4                vex::gyro::gyro(vex::triport::port&)
                0x03804db4                vex::gyro::gyro(vex::triport::port&)
 .text._ZN3vex4gyroD2Ev
                0x03804de8        0x4 C:\Program Files (x86)\VEX Robotics\VEXcode V5 Text\sdk/vexv5\libv5rt.a(vex_triport.cpp.obj)
                0x03804de8                vex::gyro::~gyro()
                0x03804de8                vex::gyro::~gyro()
 .text._ZN3vex4gyro16startCalibrationEl
                0x03804dec       0x20 C:\Program Files (x86)\VEX Robotics\VEXcode V5 Text\sdk/vexv5\libv5rt.a(vex_triport.cpp.obj)
                0x03804dec                vex::gyro::startCalibration(long)
 .text._ZN3vex7encoderC2ERNS_7triport4portE
                0x03804e0c       0x20 C:\Program Files (x86)\VEX Robotics\VEXcode V5 Text\sdk/vexv5\libv5rt.a(vex_triport.cpp.obj)
                0x03804e0c                vex::encoder::encoder(vex::triport::port&)
                0x03804e0c                vex::encoder::encoder(vex::triport::port&)
 .text._ZN3vex7encoderD2Ev
                0x03804e2c        0x4 C:\Program Files (x86)\VEX Robotics\VEXcode V5 Text\sdk/vexv5\libv5rt.a(vex_triport.cpp.obj)
                0x03804e2c                vex::encoder::~encoder()
                0x03804e2c                vex::encoder::~encoder()
 .text.startup._GLOBAL__sub_I__ZN3vex7triportC2El
                0x03804e30       0x30 C:\Program Files (x86)\VEX Robotics\VEXcode V5 Text\sdk/vexv5\libv5rt.a(vex_triport.cpp.obj)
 .text._ZN3vex5colorD2Ev
                0x03804e60        0x4 C:\Program Files (x86)\VEX Robotics\VEXcode V5 Text\sdk/vexv5\libv5rt.a(vex_color.cpp.obj)
                0x03804e60                vex::color::~color()
                0x03804e60                vex::color::~color()
 .text._ZL9_hexDigitc
                0x03804e64       0x48 C:\Program Files (x86)\VEX Robotics\VEXcode V5 Text\sdk/vexv5\libv5rt.a(vex_color.cpp.obj)
 .text._ZN3vex5colorC2Ev
                0x03804eac       0x10 C:\Program Files (x86)\VEX Robotics\VEXcode V5 Text\sdk/vexv5\libv5rt.a(vex_color.cpp.obj)
                0x03804eac                vex::color::color()
                0x03804eac                vex::color::color()
 .text._ZNK3vex5colorcvmEv
                0x03804ebc        0x8 C:\Program Files (x86)\VEX Robotics\VEXcode V5 Text\sdk/vexv5\libv5rt.a(vex_color.cpp.obj)
                0x03804ebc                vex::color::operator unsigned long() const
 .text._ZNK3vex5color13isTransparentEv
                0x03804ec4        0x8 C:\Program Files (x86)\VEX Robotics\VEXcode V5 Text\sdk/vexv5\libv5rt.a(vex_color.cpp.obj)
                0x03804ec4                vex::color::isTransparent() const
 .text._ZN3vex5color3webEPKc
                0x03804ecc       0xac C:\Program Files (x86)\VEX Robotics\VEXcode V5 Text\sdk/vexv5\libv5rt.a(vex_color.cpp.obj)
                0x03804ecc                vex::color::web(char const*)
 .text.startup._GLOBAL__sub_I__ZN3vex5color5blackE
                0x03804f78      0x164 C:\Program Files (x86)\VEX Robotics\VEXcode V5 Text\sdk/vexv5\libv5rt.a(vex_color.cpp.obj)
 .text._ZN3vex5timerD2Ev
                0x038050dc        0x4 C:\Program Files (x86)\VEX Robotics\VEXcode V5 Text\sdk/vexv5\libv5rt.a(vex_timer.cpp.obj)
                0x038050dc                vex::timer::~timer()
                0x038050dc                vex::timer::~timer()
 .text._ZN3vex5timer5clearEv
                0x038050e0       0x1c C:\Program Files (x86)\VEX Robotics\VEXcode V5 Text\sdk/vexv5\libv5rt.a(vex_timer.cpp.obj)
                0x038050e0                vex::timer::clear()
 .text._ZN3vex5timerC2Ev
                0x038050fc       0x14 C:\Program Files (x86)\VEX Robotics\VEXcode V5 Text\sdk/vexv5\libv5rt.a(vex_timer.cpp.obj)
                0x038050fc                vex::timer::timer()
                0x038050fc                vex::timer::timer()
 .text.vexAdiPortConfigSet
                0x03805110       0x28 C:\Program Files (x86)\VEX Robotics\VEXcode V5 Text\sdk/vexv5\libv5rt.a(v5_apiuser.c.obj)
                0x03805110                vexAdiPortConfigSet
 .text.vexAdiPortConfigGet
                0x03805138       0x28 C:\Program Files (x86)\VEX Robotics\VEXcode V5 Text\sdk/vexv5\libv5rt.a(v5_apiuser.c.obj)
                0x03805138                vexAdiPortConfigGet
 .text.vexAdiValueSet
                0x03805160       0x28 C:\Program Files (x86)\VEX Robotics\VEXcode V5 Text\sdk/vexv5\libv5rt.a(v5_apiuser.c.obj)
                0x03805160                vexAdiValueSet
 .text.vexAdiValueGet
                0x03805188       0x20 C:\Program Files (x86)\VEX Robotics\VEXcode V5 Text\sdk/vexv5\libv5rt.a(v5_apiuser.c.obj)
                0x03805188                vexAdiValueGet
 .text.vexMotorVelocitySet
                0x038051a8       0x20 C:\Program Files (x86)\VEX Robotics\VEXcode V5 Text\sdk/vexv5\libv5rt.a(v5_apiuser.c.obj)
                0x038051a8                vexMotorVelocitySet
 .text.vexMotorActualVelocityGet
                0x038051c8       0x24 C:\Program Files (x86)\VEX Robotics\VEXcode V5 Text\sdk/vexv5\libv5rt.a(v5_apiuser.c.obj)
                0x038051c8                vexMotorActualVelocityGet
 .text.vexMotorZeroPositionFlagGet
                0x038051ec       0x18 C:\Program Files (x86)\VEX Robotics\VEXcode V5 Text\sdk/vexv5\libv5rt.a(v5_apiuser.c.obj)
                0x038051ec                vexMotorZeroPositionFlagGet
 .text.vexMotorReverseFlagSet
                0x03805204       0x20 C:\Program Files (x86)\VEX Robotics\VEXcode V5 Text\sdk/vexv5\libv5rt.a(v5_apiuser.c.obj)
                0x03805204                vexMotorReverseFlagSet
 .text.vexMotorEncoderUnitsSet
                0x03805224       0x20 C:\Program Files (x86)\VEX Robotics\VEXcode V5 Text\sdk/vexv5\libv5rt.a(v5_apiuser.c.obj)
                0x03805224                vexMotorEncoderUnitsSet
 .text.vexMotorBrakeModeSet
                0x03805244       0x20 C:\Program Files (x86)\VEX Robotics\VEXcode V5 Text\sdk/vexv5\libv5rt.a(v5_apiuser.c.obj)
                0x03805244                vexMotorBrakeModeSet
 .text.vexMotorPositionSet
                0x03805264       0x28 C:\Program Files (x86)\VEX Robotics\VEXcode V5 Text\sdk/vexv5\libv5rt.a(v5_apiuser.c.obj)
                0x03805264                vexMotorPositionSet
 .text.vexMotorPositionGet
                0x0380528c       0x24 C:\Program Files (x86)\VEX Robotics\VEXcode V5 Text\sdk/vexv5\libv5rt.a(v5_apiuser.c.obj)
                0x0380528c                vexMotorPositionGet
 .text.vexMotorAbsoluteTargetSet
                0x038052b0       0x30 C:\Program Files (x86)\VEX Robotics\VEXcode V5 Text\sdk/vexv5\libv5rt.a(v5_apiuser.c.obj)
                0x038052b0                vexMotorAbsoluteTargetSet
 .text.vexMotorGearingGet
                0x038052e0       0x18 C:\Program Files (x86)\VEX Robotics\VEXcode V5 Text\sdk/vexv5\libv5rt.a(v5_apiuser.c.obj)
                0x038052e0                vexMotorGearingGet
 .text.vexEventMaskSet
                0x038052f8       0x28 C:\Program Files (x86)\VEX Robotics\VEXcode V5 Text\sdk/vexv5\libv5rt.a(v5_apiuser.c.obj)
                0x038052f8                vexEventMaskSet
 .text.vexEventMaskGet
                0x03805320       0x18 C:\Program Files (x86)\VEX Robotics\VEXcode V5 Text\sdk/vexv5\libv5rt.a(v5_apiuser.c.obj)
                0x03805320                vexEventMaskGet
 .text._ZN3vex6device5valueEv
                0x03805338        0x8 C:\Program Files (x86)\VEX Robotics\VEXcode V5 Text\sdk/vexv5\libv5rt.a(vex_device.cpp.obj)
                0x03805338                vex::device::value()
 .text._ZN3vex6deviceD2Ev
                0x03805340        0x4 C:\Program Files (x86)\VEX Robotics\VEXcode V5 Text\sdk/vexv5\libv5rt.a(vex_device.cpp.obj)
                0x03805340                vex::device::~device()
                0x03805340                vex::device::~device()
 .text._ZN3vex6device4initEl
                0x03805344       0x30 C:\Program Files (x86)\VEX Robotics\VEXcode V5 Text\sdk/vexv5\libv5rt.a(vex_device.cpp.obj)
                0x03805344                vex::device::init(long)
 .text._ZN3vex6deviceC2El
                0x03805374       0x20 C:\Program Files (x86)\VEX Robotics\VEXcode V5 Text\sdk/vexv5\libv5rt.a(vex_device.cpp.obj)
                0x03805374                vex::device::device(long)
                0x03805374                vex::device::device(long)
 .text._ZN3vex6device4typeEv
                0x03805394       0x10 C:\Program Files (x86)\VEX Robotics\VEXcode V5 Text\sdk/vexv5\libv5rt.a(vex_device.cpp.obj)
                0x03805394                vex::device::type()
 .text._ZN3vex6device9installedEv
                0x038053a4       0x14 C:\Program Files (x86)\VEX Robotics\VEXcode V5 Text\sdk/vexv5\libv5rt.a(vex_device.cpp.obj)
                0x038053a4                vex::device::installed()
 .text.__libc_fini_array
                0x038053b8       0x30 C:\Program Files (x86)\VEX Robotics\VEXcode V5 Text\sdk/vexv5/gcc/libs\libc.a(lib_a-fini.o)
                0x038053b8                __libc_fini_array
 .text.__libc_init_array
                0x038053e8       0x58 C:\Program Files (x86)\VEX Robotics\VEXcode V5 Text\sdk/vexv5/gcc/libs\libc.a(lib_a-init.o)
                0x038053e8                __libc_init_array
 .text.__libc_init_array.__stub
                0x03805440       0x10 linker stubs
 *(.gnu.linkonce.t.*)
 *(.plt)
 *(.gnu_warning)
 *(.gcc_except_table)
 *(.glue_7)
 .glue_7        0x00000000        0x0 linker stubs
 *(.glue_7t)
 .glue_7t       0x00000000        0x0 linker stubs
 *(.vfp11_veneer)
 .vfp11_veneer  0x00000000        0x0 linker stubs
 *(.ARM.extab)
 *(.gnu.linkonce.armextab.*)

.v4_bx          0x03805450        0x0
 .v4_bx         0x00000000        0x0 linker stubs

.iplt           0x03805450        0x0
 .iplt          0x00000000        0x0 build/src/main.o

.init
 *(.init)

.fini
 *(.fini)

.rodata         0x03805450      0x224
                0x03805450                __rodata_start = .
 *(.rodata)
 *(.rodata.*)
 .rodata.str1.1
                0x03805450      0x110 build/src/main.o
                                0x11e (size before relaxing)
 .rodata.str1.1
                0x03805560       0x2e C:\Program Files (x86)\VEX Robotics\VEXcode V5 Text\sdk/vexv5\libv5rt.a(v5_startup.c.obj)
 *fill*         0x0380558e        0x2 
 .rodata._ZN3vex6yellowE
                0x03805590        0x4 C:\Program Files (x86)\VEX Robotics\VEXcode V5 Text\sdk/vexv5\libv5rt.a(vex_global.cpp.obj)
                0x03805590                vex::yellow
 .rodata._ZN3vex3redE
                0x03805594        0x4 C:\Program Files (x86)\VEX Robotics\VEXcode V5 Text\sdk/vexv5\libv5rt.a(vex_global.cpp.obj)
                0x03805594                vex::red
 .rodata._ZN3vex5PORT1E
                0x03805598        0x4 C:\Program Files (x86)\VEX Robotics\VEXcode V5 Text\sdk/vexv5\libv5rt.a(vex_global.cpp.obj)
                0x03805598                vex::PORT1
 .rodata._ZN3vex5PORT5E
                0x0380559c        0x4 C:\Program Files (x86)\VEX Robotics\VEXcode V5 Text\sdk/vexv5\libv5rt.a(vex_global.cpp.obj)
                0x0380559c                vex::PORT5
 .rodata._ZN3vex5PORT7E
                0x038055a0        0x4 C:\Program Files (x86)\VEX Robotics\VEXcode V5 Text\sdk/vexv5\libv5rt.a(vex_global.cpp.obj)
                0x038055a0                vex::PORT7
 .rodata._ZN3vex5whiteE
                0x038055a4        0x4 C:\Program Files (x86)\VEX Robotics\VEXcode V5 Text\sdk/vexv5\libv5rt.a(vex_global.cpp.obj)
                0x038055a4                vex::white
 .rodata._ZN3vex5blackE
                0x038055a8        0x4 C:\Program Files (x86)\VEX Robotics\VEXcode V5 Text\sdk/vexv5\libv5rt.a(vex_global.cpp.obj)
                0x038055a8                vex::black
 .rodata._ZN3vex4blueE
                0x038055ac        0x4 C:\Program Files (x86)\VEX Robotics\VEXcode V5 Text\sdk/vexv5\libv5rt.a(vex_global.cpp.obj)
                0x038055ac                vex::blue
 .rodata._ZN3vex5PORT6E
                0x038055b0        0x4 C:\Program Files (x86)\VEX Robotics\VEXcode V5 Text\sdk/vexv5\libv5rt.a(vex_global.cpp.obj)
                0x038055b0                vex::PORT6
 .rodata._ZN3vex5greenE
                0x038055b4        0x4 C:\Program Files (x86)\VEX Robotics\VEXcode V5 Text\sdk/vexv5\libv5rt.a(vex_global.cpp.obj)
                0x038055b4                vex::green
 .rodata._ZN3vex6PORT22E
                0x038055b8        0x4 C:\Program Files (x86)\VEX Robotics\VEXcode V5 Text\sdk/vexv5\libv5rt.a(vex_global.cpp.obj)
                0x038055b8                vex::PORT22
 .rodata._ZN3vex6PORT19E
                0x038055bc        0x4 C:\Program Files (x86)\VEX Robotics\VEXcode V5 Text\sdk/vexv5\libv5rt.a(vex_global.cpp.obj)
                0x038055bc                vex::PORT19
 .rodata._ZN3vex6PORT20E
                0x038055c0        0x4 C:\Program Files (x86)\VEX Robotics\VEXcode V5 Text\sdk/vexv5\libv5rt.a(vex_global.cpp.obj)
                0x038055c0                vex::PORT20
 .rodata._ZN3vex6PORT16E
                0x038055c4        0x4 C:\Program Files (x86)\VEX Robotics\VEXcode V5 Text\sdk/vexv5\libv5rt.a(vex_global.cpp.obj)
                0x038055c4                vex::PORT16
 .rodata._ZN3vex6PORT17E
                0x038055c8        0x4 C:\Program Files (x86)\VEX Robotics\VEXcode V5 Text\sdk/vexv5\libv5rt.a(vex_global.cpp.obj)
                0x038055c8                vex::PORT17
 *fill*         0x038055cc        0x4 
 .rodata._ZTVN3vex5motorE
                0x038055d0       0x10 C:\Program Files (x86)\VEX Robotics\VEXcode V5 Text\sdk/vexv5\libv5rt.a(vex_motor.cpp.obj)
                0x038055d0                vtable for vex::motor
 .rodata.CSWTCH.15
                0x038055e0        0xb C:\Program Files (x86)\VEX Robotics\VEXcode V5 Text\sdk/vexv5\libv5rt.a(vex_controller.cpp.obj)
 .rodata.CSWTCH.17
                0x038055eb        0xb C:\Program Files (x86)\VEX Robotics\VEXcode V5 Text\sdk/vexv5\libv5rt.a(vex_controller.cpp.obj)
 .rodata.CSWTCH.23
                0x038055f6        0x3 C:\Program Files (x86)\VEX Robotics\VEXcode V5 Text\sdk/vexv5\libv5rt.a(vex_controller.cpp.obj)
 .rodata.str1.1
                0x038055f9        0xa C:\Program Files (x86)\VEX Robotics\VEXcode V5 Text\sdk/vexv5\libv5rt.a(vex_task.cpp.obj)
 .rodata.str1.1
                0x03805603       0x2b C:\Program Files (x86)\VEX Robotics\VEXcode V5 Text\sdk/vexv5\libv5rt.a(vex_brain.cpp.obj)
 *fill*         0x0380562e        0x2 
 .rodata._ZTVN3vex7triportE
                0x03805630       0x10 C:\Program Files (x86)\VEX Robotics\VEXcode V5 Text\sdk/vexv5\libv5rt.a(vex_triport.cpp.obj)
                0x03805630                vtable for vex::triport
 .rodata.CSWTCH.26
                0x03805640        0xe C:\Program Files (x86)\VEX Robotics\VEXcode V5 Text\sdk/vexv5\libv5rt.a(vex_triport.cpp.obj)
 .rodata.CSWTCH.31
                0x0380564e       0x10 C:\Program Files (x86)\VEX Robotics\VEXcode V5 Text\sdk/vexv5\libv5rt.a(vex_triport.cpp.obj)
 *fill*         0x0380565e        0x2 
 .rodata._ZTVN3vex6deviceE
                0x03805660       0x10 C:\Program Files (x86)\VEX Robotics\VEXcode V5 Text\sdk/vexv5\libv5rt.a(vex_device.cpp.obj)
                0x03805660                vtable for vex::device
 .rodata.str1.4
                0x03805670        0x4 C:\Program Files (x86)\VEX Robotics\VEXcode V5 Text\sdk/vexv5/gcc/libs\libc.a(lib_a-impure.o)
                                  0x2 (size before relaxing)
 *(.gnu.linkonce.r.*)
                0x03805674                __rodata_end = .

.rodata1        0x03805674        0x0
                0x03805674                __rodata1_start = .
 *(.rodata1)
 *(.rodata1.*)
                0x03805674                __rodata1_end = .

.sdata2         0x03805674        0x0
                0x03805674                __sdata2_start = .
 *(.sdata2)
 *(.sdata2.*)
 *(.gnu.linkonce.s2.*)
                0x03805674                __sdata2_end = .

.sbss2          0x03805674        0x0
                0x03805674                __sbss2_start = .
 *(.sbss2)
 *(.sbss2.*)
 *(.gnu.linkonce.sb2.*)
                0x03805674                __sbss2_end = .

.data           0x03805678      0x44c
                0x03805678                __data_start = .
 *(.data)
 *(.data.*)
 .data.sensitivity
                0x03805678        0x4 build/src/main.o
                0x03805678                sensitivity
 .data.railSpeed
                0x0380567c        0x4 build/src/main.o
                0x0380567c                railSpeed
 .data.appRunning
                0x03805680        0x4 C:\Program Files (x86)\VEX Robotics\VEXcode V5 Text\sdk/vexv5\libv5rt.a(v5_startup.c.obj)
                0x03805680                appRunning
 .data.__yoff   0x03805684        0x4 C:\Program Files (x86)\VEX Robotics\VEXcode V5 Text\sdk/vexv5\libv5rt.a(v5_apijump.c.obj)
 .data._ZN3vex6mono30E
                0x03805688        0x4 C:\Program Files (x86)\VEX Robotics\VEXcode V5 Text\sdk/vexv5\libv5rt.a(vex_global.cpp.obj)
                0x03805688                vex::mono30
 .data._ZN3vex6mono15E
                0x0380568c        0x4 C:\Program Files (x86)\VEX Robotics\VEXcode V5 Text\sdk/vexv5\libv5rt.a(vex_global.cpp.obj)
                0x0380568c                vex::mono15
 .data._ZN3vex4msecE
                0x03805690        0x4 C:\Program Files (x86)\VEX Robotics\VEXcode V5 Text\sdk/vexv5\libv5rt.a(vex_global.cpp.obj)
                0x03805690                vex::msec
 .data._ZN3vex24__default_motor_velocityE
                0x03805694        0x4 C:\Program Files (x86)\VEX Robotics\VEXcode V5 Text\sdk/vexv5\libv5rt.a(vex_motor.cpp.obj)
                0x03805694                vex::__default_motor_velocity
 .data.impure_data
                0x03805698      0x428 C:\Program Files (x86)\VEX Robotics\VEXcode V5 Text\sdk/vexv5/gcc/libs\libc.a(lib_a-impure.o)
 .data._impure_ptr
                0x03805ac0        0x4 C:\Program Files (x86)\VEX Robotics\VEXcode V5 Text\sdk/vexv5/gcc/libs\libc.a(lib_a-impure.o)
                0x03805ac0                _impure_ptr
 *(.gnu.linkonce.d.*)
 *(.jcr)
 *(.got)
 *(.got.plt)
                0x03805ac4                __data_end = .

.igot.plt       0x03805ac4        0x0
 .igot.plt      0x00000000        0x0 build/src/main.o

.data1          0x03805ac4        0x0
                0x03805ac4                __data1_start = .
 *(.data1)
 *(.data1.*)
                0x03805ac4                __data1_end = .

.got
 *(.got)

.ctors          0x03805ac4        0x0
                0x03805ac4                __CTOR_LIST__ = .
                0x03805ac4                ___CTORS_LIST___ = .
 *crtbegin.o(.ctors)
 *(EXCLUDE_FILE(*crtend.o) .ctors)
 *(SORT(.ctors.*))
 *(.ctors)
                0x03805ac4                __CTOR_END__ = .
                0x03805ac4                ___CTORS_END___ = .

.dtors          0x03805ac4        0x0
                0x03805ac4                __DTOR_LIST__ = .
                0x03805ac4                ___DTORS_LIST___ = .
 *crtbegin.o(.dtors)
 *(EXCLUDE_FILE(*crtend.o) .dtors)
 *(SORT(.dtors.*))
 *(.dtors)
                0x03805ac4                __DTOR_END__ = .
                0x03805ac4                ___DTORS_END___ = .

.fixup          0x03805ac4        0x0
                0x03805ac4                __fixup_start = .
 *(.fixup)
                0x03805ac4                __fixup_end = .

.eh_frame
 *(.eh_frame)

.eh_framehdr    0x03805ac4        0x0
                0x03805ac4                __eh_framehdr_start = .
 *(.eh_framehdr)
                0x03805ac4                __eh_framehdr_end = .

.gcc_except_table
 *(.gcc_except_table)

.mmu_tbl        0x03808000        0x0
                0x03808000                __mmu_tbl_start = .
 *(.mmu_tbl)
                0x03808000                __mmu_tbl_end = .

.ARM.exidx      0x03805ac4        0x8
                0x03805ac4                __exidx_start = .
 *(.ARM.exidx*)
 .ARM.exidx.text._Z8stopBasev
                0x03805ac4        0x8 build/src/main.o
 .ARM.exidx.text._Z13clearEncodersv
                0x03805acc        0x0 build/src/main.o
                                  0x8 (size before relaxing)
 .ARM.exidx.text._Z13forwardInchesfi
                0x03805acc        0x0 build/src/main.o
                                  0x8 (size before relaxing)
 .ARM.exidx.text._Z14backwardInchesfi
                0x03805acc        0x0 build/src/main.o
                                  0x8 (size before relaxing)
 .ARM.exidx.text._Z14armToDegDriverdi
                0x03805acc        0x0 build/src/main.o
                                  0x8 (size before relaxing)
 .ARM.exidx.text._Z12armLowDriverv
                0x03805acc        0x0 build/src/main.o
                                  0x8 (size before relaxing)
 .ARM.exidx.text._Z12armMidDriverv
                0x03805acc        0x0 build/src/main.o
                                  0x8 (size before relaxing)
 .ARM.exidx.text._Z13armHighDriverv
                0x03805acc        0x0 build/src/main.o
                                  0x8 (size before relaxing)
 .ARM.exidx.text._Z15railToDegDriverdi
                0x03805acc        0x0 build/src/main.o
                                  0x8 (size before relaxing)
 .ARM.exidx.text._Z15autoStackDriverv
                0x03805acc        0x0 build/src/main.o
                                  0x8 (size before relaxing)
 .ARM.exidx.text._Z7Picturev
                0x03805acc        0x0 build/src/main.o
                                  0x8 (size before relaxing)
 .ARM.exidx.text._Z6Valuesv
                0x03805acc        0x0 build/src/main.o
                                  0x8 (size before relaxing)
 .ARM.exidx.text.__cxx_global_array_dtor
                0x03805acc        0x0 build/src/main.o
                                  0x8 (size before relaxing)
 .ARM.exidx.text._Z13selectionMenuv
                0x03805acc        0x0 build/src/main.o
                                  0x8 (size before relaxing)
 .ARM.exidx.text._ZN6Button6renderEv
                0x03805acc        0x0 build/src/main.o
                                  0x8 (size before relaxing)
 .ARM.exidx.text._ZN6Button9isClickedEv
                0x03805acc        0x0 build/src/main.o
                                  0x8 (size before relaxing)
 .ARM.exidx.text._Z15runSelectedAutov
                0x03805acc        0x0 build/src/main.o
                                  0x8 (size before relaxing)
 .ARM.exidx.text._Z9pre_autonv
                0x03805acc        0x0 build/src/main.o
                                  0x8 (size before relaxing)
 .ARM.exidx.text._Z10autonomousv
                0x03805acc        0x0 build/src/main.o
                                  0x8 (size before relaxing)
 .ARM.exidx.text._Z11usercontrolv
                0x03805acc        0x0 build/src/main.o
                                  0x8 (size before relaxing)
 .ARM.exidx.text.main
                0x03805acc        0x0 build/src/main.o
                                  0x8 (size before relaxing)
 .ARM.exidx.text._GLOBAL__sub_I_main.cpp
                0x03805acc        0x0 build/src/main.o
                                  0x8 (size before relaxing)
 *(.gnu.linkonce.armexidix.*.*)
                0x03805acc                __exidx_end = .

.rel.dyn        0x03805acc        0x0
 .rel.iplt      0x00000000        0x0 build/src/main.o

.preinit_array  0x03805acc        0x0
                0x03805acc                __preinit_array_start = .
 *(SORT(.preinit_array.*))
 *(.preinit_array)
                0x03805acc                __preinit_array_end = .

.init_array     0x03805acc        0xc
                0x03805acc                __init_array_start = .
 *(SORT(.init_array.*))
 *(.init_array)
 .init_array    0x03805acc        0x4 build/src/main.o
 .init_array    0x03805ad0        0x4 C:\Program Files (x86)\VEX Robotics\VEXcode V5 Text\sdk/vexv5\libv5rt.a(vex_triport.cpp.obj)
 .init_array    0x03805ad4        0x4 C:\Program Files (x86)\VEX Robotics\VEXcode V5 Text\sdk/vexv5\libv5rt.a(vex_color.cpp.obj)
                0x03805ad8                __init_array_end = .

.fini_array     0x03805ad8        0x0
                0x03805ad8                __fini_array_start = .
 *(SORT(.fini_array.*))
 *(.fini_array)
                0x03805ad8                __fini_array_end = .

.ARM.attributes
                0x03805ad8       0x3c
                0x03805ad8                __ARM.attributes_start = .
 *(.ARM.attributes)
 .ARM.attributes
                0x03805ad8       0x3a build/src/main.o
 .ARM.attributes
                0x03805b12       0x35 C:\Program Files (x86)\VEX Robotics\VEXcode V5 Text\sdk/vexv5\libv5rt.a(v5_startup.c.obj)
 .ARM.attributes
                0x03805b47       0x35 C:\Program Files (x86)\VEX Robotics\VEXcode V5 Text\sdk/vexv5\libv5rt.a(v5_util.c.obj)
 .ARM.attributes
                0x03805b7c       0x35 C:\Program Files (x86)\VEX Robotics\VEXcode V5 Text\sdk/vexv5\libv5rt.a(v5_apijump.c.obj)
 .ARM.attributes
                0x03805bb1       0x35 C:\Program Files (x86)\VEX Robotics\VEXcode V5 Text\sdk/vexv5\libv5rt.a(v5_apiversions.c.obj)
 .ARM.attributes
                0x03805be6       0x35 C:\Program Files (x86)\VEX Robotics\VEXcode V5 Text\sdk/vexv5\libv5rt.a(vex_global.cpp.obj)
 .ARM.attributes
                0x03805c1b       0x35 C:\Program Files (x86)\VEX Robotics\VEXcode V5 Text\sdk/vexv5\libv5rt.a(vex_motor.cpp.obj)
 .ARM.attributes
                0x03805c50       0x35 C:\Program Files (x86)\VEX Robotics\VEXcode V5 Text\sdk/vexv5\libv5rt.a(vex_controller.cpp.obj)
 .ARM.attributes
                0x03805c85       0x35 C:\Program Files (x86)\VEX Robotics\VEXcode V5 Text\sdk/vexv5\libv5rt.a(vex_task.cpp.obj)
 .ARM.attributes
                0x03805cba       0x35 C:\Program Files (x86)\VEX Robotics\VEXcode V5 Text\sdk/vexv5\libv5rt.a(vex_thread.cpp.obj)
 .ARM.attributes
                0x03805cef       0x35 C:\Program Files (x86)\VEX Robotics\VEXcode V5 Text\sdk/vexv5\libv5rt.a(vex_event.cpp.obj)
 .ARM.attributes
                0x03805d24       0x35 C:\Program Files (x86)\VEX Robotics\VEXcode V5 Text\sdk/vexv5\libv5rt.a(vex_mevent.cpp.obj)
 .ARM.attributes
                0x03805d59       0x35 C:\Program Files (x86)\VEX Robotics\VEXcode V5 Text\sdk/vexv5\libv5rt.a(vex_brain.cpp.obj)
 .ARM.attributes
                0x03805d8e       0x35 C:\Program Files (x86)\VEX Robotics\VEXcode V5 Text\sdk/vexv5\libv5rt.a(vex_competition.cpp.obj)
 .ARM.attributes
                0x03805dc3       0x35 C:\Program Files (x86)\VEX Robotics\VEXcode V5 Text\sdk/vexv5\libv5rt.a(vex_triport.cpp.obj)
 .ARM.attributes
                0x03805df8       0x35 C:\Program Files (x86)\VEX Robotics\VEXcode V5 Text\sdk/vexv5\libv5rt.a(vex_color.cpp.obj)
 .ARM.attributes
                0x03805e2d       0x35 C:\Program Files (x86)\VEX Robotics\VEXcode V5 Text\sdk/vexv5\libv5rt.a(vex_timer.cpp.obj)
 .ARM.attributes
                0x03805e62       0x35 C:\Program Files (x86)\VEX Robotics\VEXcode V5 Text\sdk/vexv5\libv5rt.a(v5_apiuser.c.obj)
 .ARM.attributes
                0x03805e97       0x35 C:\Program Files (x86)\VEX Robotics\VEXcode V5 Text\sdk/vexv5\libv5rt.a(vex_device.cpp.obj)
 .ARM.attributes
                0x03805ecc       0x2b C:\Program Files (x86)\VEX Robotics\VEXcode V5 Text\sdk/vexv5/gcc/libs\libc.a(lib_a-fini.o)
 .ARM.attributes
                0x03805ef7       0x2b C:\Program Files (x86)\VEX Robotics\VEXcode V5 Text\sdk/vexv5/gcc/libs\libc.a(lib_a-impure.o)
 .ARM.attributes
                0x03805f22       0x2b C:\Program Files (x86)\VEX Robotics\VEXcode V5 Text\sdk/vexv5/gcc/libs\libc.a(lib_a-init.o)
                0x03805f4d                __ARM.attributes_end = .

.sdata          0x03805ad8        0x0
                0x03805ad8                __sdata_start = .
 *(.sdata)
 *(.sdata.*)
 *(.gnu.linkonce.s.*)
                0x03805ad8                __sdata_end = .

.sbss           0x03805ad8        0x0
                0x03805ad8                __sbss_start = .
 *(.sbss)
 *(.sbss.*)
 *(.gnu.linkonce.sb.*)
                0x03805ad8                __sbss_end = .

.tdata          0x03805ad8        0x0
                0x03805ad8                __tdata_start = .
 *(.tdata)
 *(.tdata.*)
 *(.gnu.linkonce.td.*)
                0x03805ad8                __tdata_end = .

.tbss           0x03805ad8        0x0
                0x03805ad8                __tbss_start = .
 *(.tbss)
 *(.tbss.*)
 *(.gnu.linkonce.tb.*)
                0x03805ad8                __tbss_end = .

.bss            0x03805ae0      0x7fc
                0x03805ae0                __bss_start = .
 *(.bss)
 *(.bss.*)
 .bss.Brain     0x03805ae0      0x2dc build/src/main.o
                0x03805ae0                Brain
 .bss.controllerPrim
                0x03805dbc      0x1e0 build/src/main.o
                0x03805dbc                controllerPrim
 .bss.RFBASE    0x03805f9c       0x24 build/src/main.o
                0x03805f9c                RFBASE
 .bss.LFBASE    0x03805fc0       0x24 build/src/main.o
                0x03805fc0                LFBASE
 .bss.RBBASE    0x03805fe4       0x24 build/src/main.o
                0x03805fe4                RBBASE
 .bss.LBBASE    0x03806008       0x24 build/src/main.o
                0x03806008                LBBASE
 .bss.ARM       0x0380602c       0x24 build/src/main.o
                0x0380602c                ARM
 .bss.RAIL      0x03806050       0x24 build/src/main.o
                0x03806050                RAIL
 .bss.LINTAKE   0x03806074       0x24 build/src/main.o
                0x03806074                LINTAKE
 .bss.RINTAKE   0x03806098       0x24 build/src/main.o
                0x03806098                RINTAKE
 .bss.Gyro1     0x038060bc       0x24 build/src/main.o
                0x038060bc                Gyro1
 .bss.xTracker  0x038060e0       0x1c build/src/main.o
                0x038060e0                xTracker
 .bss.RailPot   0x038060fc       0x1c build/src/main.o
                0x038060fc                RailPot
 .bss.ArmPot    0x03806118       0x1c build/src/main.o
                0x03806118                ArmPot
 .bss.cubeDetector
                0x03806134       0x1c build/src/main.o
                0x03806134                cubeDetector
 .bss._ZL14CIRCUMDIAMETER
                0x03806150        0x4 build/src/main.o
 *fill*         0x03806154        0x4 
 .bss.correctionL
                0x03806158        0x8 build/src/main.o
                0x03806158                correctionL
 .bss.correctionR
                0x03806160        0x8 build/src/main.o
                0x03806160                correctionR
 .bss.autonToRun
                0x03806168        0x4 build/src/main.o
                0x03806168                autonToRun
 *fill*         0x0380616c        0x4 
 .bss.autonButtons
                0x03806170       0xb4 build/src/main.o
                0x03806170                autonButtons
 .bss.Competition
                0x03806224       0x28 build/src/main.o
                0x03806224                Competition
 .bss.__dso_handle
                0x0380624c        0x4 C:\Program Files (x86)\VEX Robotics\VEXcode V5 Text\sdk/vexv5\libv5rt.a(v5_startup.c.obj)
                0x0380624c                __dso_handle
 .bss.lastTime.8314
                0x03806250        0x4 C:\Program Files (x86)\VEX Robotics\VEXcode V5 Text\sdk/vexv5\libv5rt.a(v5_apijump.c.obj)
 .bss._ZN3vex3fwdE
                0x03806254        0x4 C:\Program Files (x86)\VEX Robotics\VEXcode V5 Text\sdk/vexv5\libv5rt.a(vex_global.cpp.obj)
                0x03806254                vex::fwd
 .bss._ZN3vex3pctE
                0x03806258        0x4 C:\Program Files (x86)\VEX Robotics\VEXcode V5 Text\sdk/vexv5\libv5rt.a(vex_global.cpp.obj)
                0x03806258                vex::pct
 .bss._ZN3vex3degE
                0x0380625c        0x4 C:\Program Files (x86)\VEX Robotics\VEXcode V5 Text\sdk/vexv5\libv5rt.a(vex_global.cpp.obj)
                0x0380625c                vex::deg
 .bss._ZN3vex4task8_labelIdE
                0x03806260        0x4 C:\Program Files (x86)\VEX Robotics\VEXcode V5 Text\sdk/vexv5\libv5rt.a(vex_task.cpp.obj)
                0x03806260                vex::task::_labelId
 .bss._ZN3vex11competition22bStopTasksBetweenModesE
                0x03806264        0x1 C:\Program Files (x86)\VEX Robotics\VEXcode V5 Text\sdk/vexv5\libv5rt.a(vex_competition.cpp.obj)
                0x03806264                vex::competition::bStopTasksBetweenModes
 .bss._ZN3vex11competition25bStopAllTasksBetweenModesE
                0x03806265        0x1 C:\Program Files (x86)\VEX Robotics\VEXcode V5 Text\sdk/vexv5\libv5rt.a(vex_competition.cpp.obj)
                0x03806265                vex::competition::bStopAllTasksBetweenModes
 .bss._ZN3vex11competition14_auton_pendingE
                0x03806266        0x1 C:\Program Files (x86)\VEX Robotics\VEXcode V5 Text\sdk/vexv5\libv5rt.a(vex_competition.cpp.obj)
                0x03806266                vex::competition::_auton_pending
 *fill*         0x03806267        0x1 
 .bss._ZN3vex11competition20_autonomous_callbackE
                0x03806268        0x4 C:\Program Files (x86)\VEX Robotics\VEXcode V5 Text\sdk/vexv5\libv5rt.a(vex_competition.cpp.obj)
                0x03806268                vex::competition::_autonomous_callback
 .bss._ZN3vex11competition23_drivercontrol_callbackE
                0x0380626c        0x4 C:\Program Files (x86)\VEX Robotics\VEXcode V5 Text\sdk/vexv5\libv5rt.a(vex_competition.cpp.obj)
                0x0380626c                vex::competition::_drivercontrol_callback
 .bss._ZN3vex11competition15_driver_pendingE
                0x03806270        0x1 C:\Program Files (x86)\VEX Robotics\VEXcode V5 Text\sdk/vexv5\libv5rt.a(vex_competition.cpp.obj)
                0x03806270                vex::competition::_driver_pending
 .bss._ZStL8__ioinit
                0x03806271        0x1 C:\Program Files (x86)\VEX Robotics\VEXcode V5 Text\sdk/vexv5\libv5rt.a(vex_triport.cpp.obj)
 *fill*         0x03806272        0x2 
 .bss._ZN3vex5color6orangeE
                0x03806274        0x8 C:\Program Files (x86)\VEX Robotics\VEXcode V5 Text\sdk/vexv5\libv5rt.a(vex_color.cpp.obj)
                0x03806274                vex::color::orange
 .bss._ZN3vex5color5blackE
                0x0380627c        0x8 C:\Program Files (x86)\VEX Robotics\VEXcode V5 Text\sdk/vexv5\libv5rt.a(vex_color.cpp.obj)
                0x0380627c                vex::color::black
 .bss._ZN3vex5color6yellowE
                0x03806284        0x8 C:\Program Files (x86)\VEX Robotics\VEXcode V5 Text\sdk/vexv5\libv5rt.a(vex_color.cpp.obj)
                0x03806284                vex::color::yellow
 .bss._ZN3vex5color5greenE
                0x0380628c        0x8 C:\Program Files (x86)\VEX Robotics\VEXcode V5 Text\sdk/vexv5\libv5rt.a(vex_color.cpp.obj)
                0x0380628c                vex::color::green
 .bss._ZN3vex5color6purpleE
                0x03806294        0x8 C:\Program Files (x86)\VEX Robotics\VEXcode V5 Text\sdk/vexv5\libv5rt.a(vex_color.cpp.obj)
                0x03806294                vex::color::purple
 .bss._ZN3vex5color4cyanE
                0x0380629c        0x8 C:\Program Files (x86)\VEX Robotics\VEXcode V5 Text\sdk/vexv5\libv5rt.a(vex_color.cpp.obj)
                0x0380629c                vex::color::cyan
 .bss._ZN3vex5color4blueE
                0x038062a4        0x8 C:\Program Files (x86)\VEX Robotics\VEXcode V5 Text\sdk/vexv5\libv5rt.a(vex_color.cpp.obj)
                0x038062a4                vex::color::blue
 .bss._ZN3vex5color3redE
                0x038062ac        0x8 C:\Program Files (x86)\VEX Robotics\VEXcode V5 Text\sdk/vexv5\libv5rt.a(vex_color.cpp.obj)
                0x038062ac                vex::color::red
 .bss._ZN3vex5color11transparentE
                0x038062b4        0x8 C:\Program Files (x86)\VEX Robotics\VEXcode V5 Text\sdk/vexv5\libv5rt.a(vex_color.cpp.obj)
                0x038062b4                vex::color::transparent
 .bss._ZN3vex5color5whiteE
                0x038062bc        0x8 C:\Program Files (x86)\VEX Robotics\VEXcode V5 Text\sdk/vexv5\libv5rt.a(vex_color.cpp.obj)
                0x038062bc                vex::color::white
 *(.gnu.linkonce.b.*)
 *(COMMON)
 COMMON         0x038062c4       0x18 C:\Program Files (x86)\VEX Robotics\VEXcode V5 Text\sdk/vexv5\libv5rt.a(v5_startup.c.obj)
                0x038062c8                __vex_critical_section
                0x038062dc                __bss_end = .
                0x03805ad8                _SDA_BASE_ = (__sdata_start + ((__sbss_end - __sdata_start) / 0x2))
                0x03805674                _SDA2_BASE_ = (__sdata2_start + ((__sbss2_end - __sdata2_start) / 0x2))

.heap           0x038062dc   0x100004
                0x038062e0                . = ALIGN (0x10)
 *fill*         0x038062dc        0x4 
                0x038062e0                _heap = .
                0x038062e0                HeapBase = .
                0x038062e0                _heap_start = .
                0x039062e0                . = (. + _HEAP_SIZE)
 *fill*         0x038062e0   0x100000 
                0x039062e0                _heap_end = .
                0x039062e0                HeapLimit = .

.stack          0x039062e0     0x3800
                0x039062e0                . = ALIGN (0x10)
                0x039062e0                _stack_end = .
                0x039082e0                . = (. + _STACK_SIZE)
 *fill*         0x039062e0     0x2000 
                0x039082e0                . = ALIGN (0x10)
                0x039082e0                _stack = .
                0x039082e0                __stack = _stack
                0x039082e0                . = ALIGN (0x10)
                0x039082e0                _irq_stack_end = .
                0x039086e0                . = (. + _IRQ_STACK_SIZE)
 *fill*         0x039082e0      0x400 
                0x039086e0                . = ALIGN (0x10)
                0x039086e0                __irq_stack = .
                0x039086e0                _supervisor_stack_end = .
                0x03908ee0                . = (. + _SUPERVISOR_STACK_SIZE)
 *fill*         0x039086e0      0x800 
                0x03908ee0                . = ALIGN (0x10)
                0x03908ee0                __supervisor_stack = .
                0x03908ee0                _abort_stack_end = .
                0x039092e0                . = (. + _ABORT_STACK_SIZE)
 *fill*         0x03908ee0      0x400 
                0x039092e0                . = ALIGN (0x10)
                0x039092e0                __abort_stack = .
                0x039092e0                _fiq_stack_end = .
                0x039096e0                . = (. + _FIQ_STACK_SIZE)
 *fill*         0x039092e0      0x400 
                0x039096e0                . = ALIGN (0x10)
                0x039096e0                __fiq_stack = .
                0x039096e0                _undef_stack_end = .
                0x03909ae0                . = (. + _UNDEF_STACK_SIZE)
 *fill*         0x039096e0      0x400 
                0x03909ae0                . = ALIGN (0x10)
                0x03909ae0                __undef_stack = .
                0x03909ae0                _end = .
LOAD C:\Program Files (x86)\VEX Robotics\VEXcode V5 Text\sdk/vexv5/stdlib_0.lib
LOAD build/src/main.o
START GROUP
LOAD C:\Program Files (x86)\VEX Robotics\VEXcode V5 Text\sdk/vexv5\libv5rt.a
LOAD C:\Program Files (x86)\VEX Robotics\VEXcode V5 Text\sdk/vexv5/gcc/libs\libstdc++.a
LOAD C:\Program Files (x86)\VEX Robotics\VEXcode V5 Text\sdk/vexv5/gcc/libs\libc.a
LOAD C:\Program Files (x86)\VEX Robotics\VEXcode V5 Text\sdk/vexv5/gcc/libs\libm.a
LOAD C:\Program Files (x86)\VEX Robotics\VEXcode V5 Text\sdk/vexv5/gcc/libs\libgcc.a
END GROUP
OUTPUT(build/Xcaliber2020.elf elf32-littlearm)

.comment        0x00000000       0x9d
 .comment       0x00000000       0x2d build/src/main.o
                                 0x2e (size before relaxing)
 .comment       0x0000002d       0x70 C:\Program Files (x86)\VEX Robotics\VEXcode V5 Text\sdk/vexv5\libv5rt.a(v5_startup.c.obj)
                                 0x71 (size before relaxing)
 .comment       0x00000000       0x71 C:\Program Files (x86)\VEX Robotics\VEXcode V5 Text\sdk/vexv5\libv5rt.a(v5_util.c.obj)
 .comment       0x00000000       0x71 C:\Program Files (x86)\VEX Robotics\VEXcode V5 Text\sdk/vexv5\libv5rt.a(v5_apijump.c.obj)
 .comment       0x00000000       0x71 C:\Program Files (x86)\VEX Robotics\VEXcode V5 Text\sdk/vexv5\libv5rt.a(v5_apiversions.c.obj)
 .comment       0x00000000       0x71 C:\Program Files (x86)\VEX Robotics\VEXcode V5 Text\sdk/vexv5\libv5rt.a(vex_global.cpp.obj)
 .comment       0x00000000       0x71 C:\Program Files (x86)\VEX Robotics\VEXcode V5 Text\sdk/vexv5\libv5rt.a(vex_motor.cpp.obj)
 .comment       0x00000000       0x71 C:\Program Files (x86)\VEX Robotics\VEXcode V5 Text\sdk/vexv5\libv5rt.a(vex_controller.cpp.obj)
 .comment       0x00000000       0x71 C:\Program Files (x86)\VEX Robotics\VEXcode V5 Text\sdk/vexv5\libv5rt.a(vex_task.cpp.obj)
 .comment       0x00000000       0x71 C:\Program Files (x86)\VEX Robotics\VEXcode V5 Text\sdk/vexv5\libv5rt.a(vex_thread.cpp.obj)
 .comment       0x00000000       0x71 C:\Program Files (x86)\VEX Robotics\VEXcode V5 Text\sdk/vexv5\libv5rt.a(vex_event.cpp.obj)
 .comment       0x00000000       0x71 C:\Program Files (x86)\VEX Robotics\VEXcode V5 Text\sdk/vexv5\libv5rt.a(vex_mevent.cpp.obj)
 .comment       0x00000000       0x71 C:\Program Files (x86)\VEX Robotics\VEXcode V5 Text\sdk/vexv5\libv5rt.a(vex_brain.cpp.obj)
 .comment       0x00000000       0x71 C:\Program Files (x86)\VEX Robotics\VEXcode V5 Text\sdk/vexv5\libv5rt.a(vex_competition.cpp.obj)
 .comment       0x00000000       0x71 C:\Program Files (x86)\VEX Robotics\VEXcode V5 Text\sdk/vexv5\libv5rt.a(vex_triport.cpp.obj)
 .comment       0x00000000       0x71 C:\Program Files (x86)\VEX Robotics\VEXcode V5 Text\sdk/vexv5\libv5rt.a(vex_color.cpp.obj)
 .comment       0x00000000       0x71 C:\Program Files (x86)\VEX Robotics\VEXcode V5 Text\sdk/vexv5\libv5rt.a(vex_timer.cpp.obj)
 .comment       0x00000000       0x71 C:\Program Files (x86)\VEX Robotics\VEXcode V5 Text\sdk/vexv5\libv5rt.a(v5_apiuser.c.obj)
 .comment       0x00000000       0x71 C:\Program Files (x86)\VEX Robotics\VEXcode V5 Text\sdk/vexv5\libv5rt.a(vex_device.cpp.obj)

.note.GNU-stack
                0x00000000        0x0
 .note.GNU-stack
                0x00000000        0x0 build/src/main.o

.debug_frame    0x00000000       0x60
 .debug_frame   0x00000000       0x34 C:\Program Files (x86)\VEX Robotics\VEXcode V5 Text\sdk/vexv5/gcc/libs\libc.a(lib_a-fini.o)
 .debug_frame   0x00000034       0x2c C:\Program Files (x86)\VEX Robotics\VEXcode V5 Text\sdk/vexv5/gcc/libs\libc.a(lib_a-init.o)
